Archive member included to satisfy reference by file (symbol)

d:/program files/stm32cubeide_1.5.0/stm32cubeide/plugins/com.st.stm32cube.ide.mcu.externaltools.gnu-tools-for-stm32.7-2018-q2-update.win32_1.5.0.202011040924/tools/bin/../lib/gcc/arm-none-eabi/7.3.1/../../../../arm-none-eabi/lib/thumb/v7-m\libc_nano.a(lib_a-errno.o)
                              Core/Src/syscalls.o (__errno)
d:/program files/stm32cubeide_1.5.0/stm32cubeide/plugins/com.st.stm32cube.ide.mcu.externaltools.gnu-tools-for-stm32.7-2018-q2-update.win32_1.5.0.202011040924/tools/bin/../lib/gcc/arm-none-eabi/7.3.1/../../../../arm-none-eabi/lib/thumb/v7-m\libc_nano.a(lib_a-exit.o)
                              d:/program files/stm32cubeide_1.5.0/stm32cubeide/plugins/com.st.stm32cube.ide.mcu.externaltools.gnu-tools-for-stm32.7-2018-q2-update.win32_1.5.0.202011040924/tools/bin/../lib/gcc/arm-none-eabi/7.3.1/../../../../arm-none-eabi/lib/thumb/v7-m/crt0.o (exit)
d:/program files/stm32cubeide_1.5.0/stm32cubeide/plugins/com.st.stm32cube.ide.mcu.externaltools.gnu-tools-for-stm32.7-2018-q2-update.win32_1.5.0.202011040924/tools/bin/../lib/gcc/arm-none-eabi/7.3.1/../../../../arm-none-eabi/lib/thumb/v7-m\libc_nano.a(lib_a-impure.o)
                              d:/program files/stm32cubeide_1.5.0/stm32cubeide/plugins/com.st.stm32cube.ide.mcu.externaltools.gnu-tools-for-stm32.7-2018-q2-update.win32_1.5.0.202011040924/tools/bin/../lib/gcc/arm-none-eabi/7.3.1/../../../../arm-none-eabi/lib/thumb/v7-m\libc_nano.a(lib_a-exit.o) (_global_impure_ptr)
d:/program files/stm32cubeide_1.5.0/stm32cubeide/plugins/com.st.stm32cube.ide.mcu.externaltools.gnu-tools-for-stm32.7-2018-q2-update.win32_1.5.0.202011040924/tools/bin/../lib/gcc/arm-none-eabi/7.3.1/../../../../arm-none-eabi/lib/thumb/v7-m\libc_nano.a(lib_a-init.o)
                              d:/program files/stm32cubeide_1.5.0/stm32cubeide/plugins/com.st.stm32cube.ide.mcu.externaltools.gnu-tools-for-stm32.7-2018-q2-update.win32_1.5.0.202011040924/tools/bin/../lib/gcc/arm-none-eabi/7.3.1/../../../../arm-none-eabi/lib/thumb/v7-m/crt0.o (__libc_init_array)
d:/program files/stm32cubeide_1.5.0/stm32cubeide/plugins/com.st.stm32cube.ide.mcu.externaltools.gnu-tools-for-stm32.7-2018-q2-update.win32_1.5.0.202011040924/tools/bin/../lib/gcc/arm-none-eabi/7.3.1/../../../../arm-none-eabi/lib/thumb/v7-m\libc_nano.a(lib_a-memset.o)
                              d:/program files/stm32cubeide_1.5.0/stm32cubeide/plugins/com.st.stm32cube.ide.mcu.externaltools.gnu-tools-for-stm32.7-2018-q2-update.win32_1.5.0.202011040924/tools/bin/../lib/gcc/arm-none-eabi/7.3.1/../../../../arm-none-eabi/lib/thumb/v7-m/crt0.o (memset)

Allocating common symbols
Common symbol       size              file

hUsbDeviceFS        0x2c4             USB_DEVICE/App/usb_device.o
txHeader            0x18              Core/Src/main.o
rxHeader            0x1c              Core/Src/main.o
hcan                0x28              Core/Src/main.o
uwTick              0x4               Drivers/STM32F1xx_HAL_Driver/Src/stm32f1xx_hal.o
pFlash              0x20              Drivers/STM32F1xx_HAL_Driver/Src/stm32f1xx_hal_flash.o
UserRxBufferFS      0x3e8             USB_DEVICE/App/usbd_cdc_if.o
stateofinput        0x7               Core/Src/main.o
canfil              0x28              Core/Src/main.o
UserTxBufferFS      0x3e8             USB_DEVICE/App/usbd_cdc_if.o
canMailbox          0x4               Core/Src/main.o
hpcd_USB_FS         0x2ec             USB_DEVICE/Target/usbd_conf.o
USBD_StrDesc        0x200             USB_DEVICE/App/usbd_desc.o

Discarded input sections

 .text          0x0000000000000000        0x0 d:/program files/stm32cubeide_1.5.0/stm32cubeide/plugins/com.st.stm32cube.ide.mcu.externaltools.gnu-tools-for-stm32.7-2018-q2-update.win32_1.5.0.202011040924/tools/bin/../lib/gcc/arm-none-eabi/7.3.1/thumb/v7-m/crti.o
 .data          0x0000000000000000        0x0 d:/program files/stm32cubeide_1.5.0/stm32cubeide/plugins/com.st.stm32cube.ide.mcu.externaltools.gnu-tools-for-stm32.7-2018-q2-update.win32_1.5.0.202011040924/tools/bin/../lib/gcc/arm-none-eabi/7.3.1/thumb/v7-m/crti.o
 .bss           0x0000000000000000        0x0 d:/program files/stm32cubeide_1.5.0/stm32cubeide/plugins/com.st.stm32cube.ide.mcu.externaltools.gnu-tools-for-stm32.7-2018-q2-update.win32_1.5.0.202011040924/tools/bin/../lib/gcc/arm-none-eabi/7.3.1/thumb/v7-m/crti.o
 .data          0x0000000000000000        0x4 d:/program files/stm32cubeide_1.5.0/stm32cubeide/plugins/com.st.stm32cube.ide.mcu.externaltools.gnu-tools-for-stm32.7-2018-q2-update.win32_1.5.0.202011040924/tools/bin/../lib/gcc/arm-none-eabi/7.3.1/thumb/v7-m/crtbegin.o
 .text          0x0000000000000000       0x74 d:/program files/stm32cubeide_1.5.0/stm32cubeide/plugins/com.st.stm32cube.ide.mcu.externaltools.gnu-tools-for-stm32.7-2018-q2-update.win32_1.5.0.202011040924/tools/bin/../lib/gcc/arm-none-eabi/7.3.1/../../../../arm-none-eabi/lib/thumb/v7-m/crt0.o
[...]
Memory Configuration

Name             Origin             Length             Attributes
RAM              0x0000000020000000 0x0000000000005000 xrw
FLASH            0x0000000008000000 0x0000000000010000 xr
*default*        0x0000000000000000 0xffffffffffffffff

Linker script and memory map

LOAD d:/program files/stm32cubeide_1.5.0/stm32cubeide/plugins/com.st.stm32cube.ide.mcu.externaltools.gnu-tools-for-stm32.7-2018-q2-update.win32_1.5.0.202011040924/tools/bin/../lib/gcc/arm-none-eabi/7.3.1/thumb/v7-m/crti.o
LOAD d:/program files/stm32cubeide_1.5.0/stm32cubeide/plugins/com.st.stm32cube.ide.mcu.externaltools.gnu-tools-for-stm32.7-2018-q2-update.win32_1.5.0.202011040924/tools/bin/../lib/gcc/arm-none-eabi/7.3.1/thumb/v7-m/crtbegin.o
LOAD d:/program files/stm32cubeide_1.5.0/stm32cubeide/plugins/com.st.stm32cube.ide.mcu.externaltools.gnu-tools-for-stm32.7-2018-q2-update.win32_1.5.0.202011040924/tools/bin/../lib/gcc/arm-none-eabi/7.3.1/../../../../arm-none-eabi/lib/thumb/v7-m/crt0.o
LOAD Core/Src/main.o
LOAD Core/Src/stm32f1xx_hal_msp.o
LOAD Core/Src/stm32f1xx_it.o
LOAD Core/Src/syscalls.o
LOAD Core/Src/sysmem.o
LOAD Core/Src/system_stm32f1xx.o
LOAD Core/Startup/startup_stm32f103c8tx.o
LOAD Drivers/STM32F1xx_HAL_Driver/Src/stm32f1xx_hal.o
LOAD Drivers/STM32F1xx_HAL_Driver/Src/stm32f1xx_hal_can.o
LOAD Drivers/STM32F1xx_HAL_Driver/Src/stm32f1xx_hal_cortex.o
LOAD Drivers/STM32F1xx_HAL_Driver/Src/stm32f1xx_hal_dma.o
LOAD Drivers/STM32F1xx_HAL_Driver/Src/stm32f1xx_hal_exti.o
LOAD Drivers/STM32F1xx_HAL_Driver/Src/stm32f1xx_hal_flash.o
LOAD Drivers/STM32F1xx_HAL_Driver/Src/stm32f1xx_hal_flash_ex.o
LOAD Drivers/STM32F1xx_HAL_Driver/Src/stm32f1xx_hal_gpio.o
LOAD Drivers/STM32F1xx_HAL_Driver/Src/stm32f1xx_hal_gpio_ex.o
LOAD Drivers/STM32F1xx_HAL_Driver/Src/stm32f1xx_hal_pcd.o
LOAD Drivers/STM32F1xx_HAL_Driver/Src/stm32f1xx_hal_pcd_ex.o
LOAD Drivers/STM32F1xx_HAL_Driver/Src/stm32f1xx_hal_pwr.o
LOAD Drivers/STM32F1xx_HAL_Driver/Src/stm32f1xx_hal_rcc.o
LOAD Drivers/STM32F1xx_HAL_Driver/Src/stm32f1xx_hal_rcc_ex.o
LOAD Drivers/STM32F1xx_HAL_Driver/Src/stm32f1xx_hal_tim.o
LOAD Drivers/STM32F1xx_HAL_Driver/Src/stm32f1xx_hal_tim_ex.o
LOAD Drivers/STM32F1xx_HAL_Driver/Src/stm32f1xx_ll_usb.o
LOAD Middlewares/ST/STM32_USB_Device_Library/Class/CDC/Src/usbd_cdc.o
LOAD Middlewares/ST/STM32_USB_Device_Library/Core/Src/usbd_core.o
LOAD Middlewares/ST/STM32_USB_Device_Library/Core/Src/usbd_ctlreq.o
LOAD Middlewares/ST/STM32_USB_Device_Library/Core/Src/usbd_ioreq.o
LOAD USB_DEVICE/App/usb_device.o
LOAD USB_DEVICE/App/usbd_cdc_if.o
LOAD USB_DEVICE/App/usbd_desc.o
LOAD USB_DEVICE/Target/usbd_conf.o
START GROUP
LOAD d:/program files/stm32cubeide_1.5.0/stm32cubeide/plugins/com.st.stm32cube.ide.mcu.externaltools.gnu-tools-for-stm32.7-2018-q2-update.win32_1.5.0.202011040924/tools/bin/../lib/gcc/arm-none-eabi/7.3.1/../../../../arm-none-eabi/lib/thumb/v7-m\libc_nano.a
LOAD d:/program files/stm32cubeide_1.5.0/stm32cubeide/plugins/com.st.stm32cube.ide.mcu.externaltools.gnu-tools-for-stm32.7-2018-q2-update.win32_1.5.0.202011040924/tools/bin/../lib/gcc/arm-none-eabi/7.3.1/../../../../arm-none-eabi/lib/thumb/v7-m\libm.a
END GROUP
START GROUP
LOAD d:/program files/stm32cubeide_1.5.0/stm32cubeide/plugins/com.st.stm32cube.ide.mcu.externaltools.gnu-tools-for-stm32.7-2018-q2-update.win32_1.5.0.202011040924/tools/bin/../lib/gcc/arm-none-eabi/7.3.1/thumb/v7-m\libgcc.a
LOAD d:/program files/stm32cubeide_1.5.0/stm32cubeide/plugins/com.st.stm32cube.ide.mcu.externaltools.gnu-tools-for-stm32.7-2018-q2-update.win32_1.5.0.202011040924/tools/bin/../lib/gcc/arm-none-eabi/7.3.1/../../../../arm-none-eabi/lib/thumb/v7-m\libc_nano.a
END GROUP
START GROUP
LOAD d:/program files/stm32cubeide_1.5.0/stm32cubeide/plugins/com.st.stm32cube.ide.mcu.externaltools.gnu-tools-for-stm32.7-2018-q2-update.win32_1.5.0.202011040924/tools/bin/../lib/gcc/arm-none-eabi/7.3.1/thumb/v7-m\libgcc.a
LOAD d:/program files/stm32cubeide_1.5.0/stm32cubeide/plugins/com.st.stm32cube.ide.mcu.externaltools.gnu-tools-for-stm32.7-2018-q2-update.win32_1.5.0.202011040924/tools/bin/../lib/gcc/arm-none-eabi/7.3.1/../../../../arm-none-eabi/lib/thumb/v7-m\libc_nano.a
LOAD d:/program files/stm32cubeide_1.5.0/stm32cubeide/plugins/com.st.stm32cube.ide.mcu.externaltools.gnu-tools-for-stm32.7-2018-q2-update.win32_1.5.0.202011040924/tools/bin/../lib/gcc/arm-none-eabi/7.3.1/../../../../arm-none-eabi/lib/thumb/v7-m\libnosys.a
END GROUP
START GROUP
LOAD d:/program files/stm32cubeide_1.5.0/stm32cubeide/plugins/com.st.stm32cube.ide.mcu.externaltools.gnu-tools-for-stm32.7-2018-q2-update.win32_1.5.0.202011040924/tools/bin/../lib/gcc/arm-none-eabi/7.3.1/thumb/v7-m\libgcc.a
LOAD d:/program files/stm32cubeide_1.5.0/stm32cubeide/plugins/com.st.stm32cube.ide.mcu.externaltools.gnu-tools-for-stm32.7-2018-q2-update.win32_1.5.0.202011040924/tools/bin/../lib/gcc/arm-none-eabi/7.3.1/../../../../arm-none-eabi/lib/thumb/v7-m\libc_nano.a
LOAD d:/program files/stm32cubeide_1.5.0/stm32cubeide/plugins/com.st.stm32cube.ide.mcu.externaltools.gnu-tools-for-stm32.7-2018-q2-update.win32_1.5.0.202011040924/tools/bin/../lib/gcc/arm-none-eabi/7.3.1/../../../../arm-none-eabi/lib/thumb/v7-m\libnosys.a
END GROUP
LOAD d:/program files/stm32cubeide_1.5.0/stm32cubeide/plugins/com.st.stm32cube.ide.mcu.externaltools.gnu-tools-for-stm32.7-2018-q2-update.win32_1.5.0.202011040924/tools/bin/../lib/gcc/arm-none-eabi/7.3.1/thumb/v7-m/crtend.o
LOAD d:/program files/stm32cubeide_1.5.0/stm32cubeide/plugins/com.st.stm32cube.ide.mcu.externaltools.gnu-tools-for-stm32.7-2018-q2-update.win32_1.5.0.202011040924/tools/bin/../lib/gcc/arm-none-eabi/7.3.1/thumb/v7-m/crtn.o
                0x0000000020005000                _estack = (ORIGIN (RAM) + LENGTH (RAM))
                0x0000000000000200                _Min_Heap_Size = 0x200
                0x0000000000000400                _Min_Stack_Size = 0x400

.isr_vector     0x0000000008000000      0x10c
                0x0000000008000000                . = ALIGN (0x4)
 *(.isr_vector)
 .isr_vector    0x0000000008000000      0x10c Core/Startup/startup_stm32f103c8tx.o
                0x0000000008000000                g_pfnVectors
                0x000000000800010c                . = ALIGN (0x4)

.text           0x000000000800010c     0x78a8
                0x000000000800010c                . = ALIGN (0x4)
 *(.text)
 .text          0x000000000800010c       0x40 d:/program files/stm32cubeide_1.5.0/stm32cubeide/plugins/com.st.stm32cube.ide.mcu.externaltools.gnu-tools-for-stm32.7-2018-q2-update.win32_1.5.0.202011040924/tools/bin/../lib/gcc/arm-none-eabi/7.3.1/thumb/v7-m/crtbegin.o
 *(.text*)
 .text.main     0x000000000800014c       0xc0 Core/Src/main.o
                0x000000000800014c                main
 .text.SystemClock_Config
                0x000000000800020c       0xb4 Core/Src/main.o
                0x000000000800020c                SystemClock_Config
 .text.MX_CAN_Init
                0x00000000080002c0       0x6c Core/Src/main.o
 .text.MX_GPIO_Init
                0x000000000800032c      0x13c Core/Src/main.o
 .text.can_hattina_veri_bas
                0x0000000008000468       0x8c Core/Src/main.o
                0x0000000008000468                can_hattina_veri_bas
 .text.intial_input_state
                0x00000000080004f4       0x94 Core/Src/main.o
                0x00000000080004f4                intial_input_state
 .text.Error_Handler
                0x0000000008000588        0x8 Core/Src/main.o
                0x0000000008000588                Error_Handler
 .text.HAL_MspInit
                0x0000000008000590       0x64 Core/Src/stm32f1xx_hal_msp.o
                0x0000000008000590                HAL_MspInit
 .text.HAL_CAN_MspInit
                0x00000000080005f4       0xd0 Core/Src/stm32f1xx_hal_msp.o
                0x00000000080005f4                HAL_CAN_MspInit
 .text.NMI_Handler
                0x00000000080006c4        0x6 Core/Src/stm32f1xx_it.o
                0x00000000080006c4                NMI_Handler
 .text.HardFault_Handler
                0x00000000080006ca        0x6 Core/Src/stm32f1xx_it.o
                0x00000000080006ca                HardFault_Handler
 .text.MemManage_Handler
                0x00000000080006d0        0x6 Core/Src/stm32f1xx_it.o
                0x00000000080006d0                MemManage_Handler
 .text.BusFault_Handler
                0x00000000080006d6        0x6 Core/Src/stm32f1xx_it.o
                0x00000000080006d6                BusFault_Handler
 .text.UsageFault_Handler
                0x00000000080006dc        0x6 Core/Src/stm32f1xx_it.o
                0x00000000080006dc                UsageFault_Handler
 .text.SVC_Handler
                0x00000000080006e2        0xc Core/Src/stm32f1xx_it.o
                0x00000000080006e2                SVC_Handler
 .text.DebugMon_Handler
                0x00000000080006ee        0xc Core/Src/stm32f1xx_it.o
                0x00000000080006ee                DebugMon_Handler
 .text.PendSV_Handler
                0x00000000080006fa        0xc Core/Src/stm32f1xx_it.o
                0x00000000080006fa                PendSV_Handler
 .text.SysTick_Handler
                0x0000000008000706        0xc Core/Src/stm32f1xx_it.o
                0x0000000008000706                SysTick_Handler
 *fill*         0x0000000008000712        0x2 
 .text.USB_LP_CAN1_RX0_IRQHandler
                0x0000000008000714       0x1c Core/Src/stm32f1xx_it.o
                0x0000000008000714                USB_LP_CAN1_RX0_IRQHandler
 .text.SystemInit
                0x0000000008000730        0xc Core/Src/system_stm32f1xx.o
                0x0000000008000730                SystemInit
 .text.Reset_Handler
                0x000000000800073c       0x48 Core/Startup/startup_stm32f103c8tx.o
                0x000000000800073c                Reset_Handler
 .text.Default_Handler
                0x0000000008000784        0x2 Core/Startup/startup_stm32f103c8tx.o
                0x0000000008000784                RTC_Alarm_IRQHandler
                0x0000000008000784                EXTI2_IRQHandler
                0x0000000008000784                TIM1_CC_IRQHandler
                0x0000000008000784                PVD_IRQHandler
                0x0000000008000784                EXTI3_IRQHandler
                0x0000000008000784                EXTI0_IRQHandler
                0x0000000008000784                I2C2_EV_IRQHandler
                0x0000000008000784                ADC1_2_IRQHandler
                0x0000000008000784                SPI1_IRQHandler
                0x0000000008000784                TAMPER_IRQHandler
                0x0000000008000784                DMA1_Channel4_IRQHandler
                0x0000000008000784                USART3_IRQHandler
                0x0000000008000784                RTC_IRQHandler
                0x0000000008000784                DMA1_Channel7_IRQHandler
                0x0000000008000784                CAN1_RX1_IRQHandler
                0x0000000008000784                TIM4_IRQHandler
                0x0000000008000784                I2C1_EV_IRQHandler
                0x0000000008000784                DMA1_Channel6_IRQHandler
                0x0000000008000784                TIM3_IRQHandler
                0x0000000008000784                RCC_IRQHandler
                0x0000000008000784                TIM1_TRG_COM_IRQHandler
                0x0000000008000784                DMA1_Channel1_IRQHandler
                0x0000000008000784                Default_Handler
                0x0000000008000784                EXTI15_10_IRQHandler
                0x0000000008000784                EXTI9_5_IRQHandler
                0x0000000008000784                SPI2_IRQHandler
                0x0000000008000784                DMA1_Channel5_IRQHandler
                0x0000000008000784                EXTI4_IRQHandler
                0x0000000008000784                USB_HP_CAN1_TX_IRQHandler
                0x0000000008000784                DMA1_Channel3_IRQHandler
                0x0000000008000784                TIM1_UP_IRQHandler
                0x0000000008000784                WWDG_IRQHandler
                0x0000000008000784                TIM2_IRQHandler
                0x0000000008000784                TIM1_BRK_IRQHandler
                0x0000000008000784                EXTI1_IRQHandler
                0x0000000008000784                USART2_IRQHandler
                0x0000000008000784                I2C2_ER_IRQHandler
                0x0000000008000784                DMA1_Channel2_IRQHandler
                0x0000000008000784                CAN1_SCE_IRQHandler
                0x0000000008000784                FLASH_IRQHandler
                0x0000000008000784                USART1_IRQHandler
                0x0000000008000784                I2C1_ER_IRQHandler
                0x0000000008000784                USBWakeUp_IRQHandler
 *fill*         0x0000000008000786        0x2 
 .text.HAL_Init
                0x0000000008000788       0x2c Drivers/STM32F1xx_HAL_Driver/Src/stm32f1xx_hal.o
                0x0000000008000788                HAL_Init
 .text.HAL_InitTick
                0x00000000080007b4       0x60 Drivers/STM32F1xx_HAL_Driver/Src/stm32f1xx_hal.o
                0x00000000080007b4                HAL_InitTick
 .text.HAL_IncTick
                0x0000000008000814       0x24 Drivers/STM32F1xx_HAL_Driver/Src/stm32f1xx_hal.o
                0x0000000008000814                HAL_IncTick
 .text.HAL_GetTick
                0x0000000008000838       0x14 Drivers/STM32F1xx_HAL_Driver/Src/stm32f1xx_hal.o
                0x0000000008000838                HAL_GetTick
 .text.HAL_Delay
                0x000000000800084c       0x44 Drivers/STM32F1xx_HAL_Driver/Src/stm32f1xx_hal.o
                0x000000000800084c                HAL_Delay
 .text.HAL_CAN_Init
                0x0000000008000890      0x1f6 Drivers/STM32F1xx_HAL_Driver/Src/stm32f1xx_hal_can.o
                0x0000000008000890                HAL_CAN_Init
 .text.HAL_CAN_ConfigFilter
                0x0000000008000a86      0x192 Drivers/STM32F1xx_HAL_Driver/Src/stm32f1xx_hal_can.o
                0x0000000008000a86                HAL_CAN_ConfigFilter
 .text.HAL_CAN_Start
                0x0000000008000c18       0x88 Drivers/STM32F1xx_HAL_Driver/Src/stm32f1xx_hal_can.o
                0x0000000008000c18                HAL_CAN_Start
 .text.HAL_CAN_AddTxMessage
                0x0000000008000ca0      0x1b4 Drivers/STM32F1xx_HAL_Driver/Src/stm32f1xx_hal_can.o
                0x0000000008000ca0                HAL_CAN_AddTxMessage
 .text.HAL_CAN_ActivateNotification
                0x0000000008000e54       0x4a Drivers/STM32F1xx_HAL_Driver/Src/stm32f1xx_hal_can.o
                0x0000000008000e54                HAL_CAN_ActivateNotification
 .text.HAL_CAN_IRQHandler
                0x0000000008000e9e      0x362 Drivers/STM32F1xx_HAL_Driver/Src/stm32f1xx_hal_can.o
                0x0000000008000e9e                HAL_CAN_IRQHandler
 .text.HAL_CAN_TxMailbox0CompleteCallback
                0x0000000008001200       0x12 Drivers/STM32F1xx_HAL_Driver/Src/stm32f1xx_hal_can.o
                0x0000000008001200                HAL_CAN_TxMailbox0CompleteCallback
 .text.HAL_CAN_TxMailbox1CompleteCallback
                0x0000000008001212       0x12 Drivers/STM32F1xx_HAL_Driver/Src/stm32f1xx_hal_can.o
                0x0000000008001212                HAL_CAN_TxMailbox1CompleteCallback
 .text.HAL_CAN_TxMailbox2CompleteCallback
                0x0000000008001224       0x12 Drivers/STM32F1xx_HAL_Driver/Src/stm32f1xx_hal_can.o
                0x0000000008001224                HAL_CAN_TxMailbox2CompleteCallback
 .text.HAL_CAN_TxMailbox0AbortCallback
                0x0000000008001236       0x12 Drivers/STM32F1xx_HAL_Driver/Src/stm32f1xx_hal_can.o
                0x0000000008001236                HAL_CAN_TxMailbox0AbortCallback
 .text.HAL_CAN_TxMailbox1AbortCallback
                0x0000000008001248       0x12 Drivers/STM32F1xx_HAL_Driver/Src/stm32f1xx_hal_can.o
                0x0000000008001248                HAL_CAN_TxMailbox1AbortCallback
 .text.HAL_CAN_TxMailbox2AbortCallback
                0x000000000800125a       0x12 Drivers/STM32F1xx_HAL_Driver/Src/stm32f1xx_hal_can.o
                0x000000000800125a                HAL_CAN_TxMailbox2AbortCallback
 .text.HAL_CAN_RxFifo0MsgPendingCallback
                0x000000000800126c       0x12 Drivers/STM32F1xx_HAL_Driver/Src/stm32f1xx_hal_can.o
                0x000000000800126c                HAL_CAN_RxFifo0MsgPendingCallback
 .text.HAL_CAN_RxFifo0FullCallback
                0x000000000800127e       0x12 Drivers/STM32F1xx_HAL_Driver/Src/stm32f1xx_hal_can.o
                0x000000000800127e                HAL_CAN_RxFifo0FullCallback
 .text.HAL_CAN_RxFifo1MsgPendingCallback
                0x0000000008001290       0x12 Drivers/STM32F1xx_HAL_Driver/Src/stm32f1xx_hal_can.o
                0x0000000008001290                HAL_CAN_RxFifo1MsgPendingCallback
 .text.HAL_CAN_RxFifo1FullCallback
                0x00000000080012a2       0x12 Drivers/STM32F1xx_HAL_Driver/Src/stm32f1xx_hal_can.o
                0x00000000080012a2                HAL_CAN_RxFifo1FullCallback
 .text.HAL_CAN_SleepCallback
                0x00000000080012b4       0x12 Drivers/STM32F1xx_HAL_Driver/Src/stm32f1xx_hal_can.o
                0x00000000080012b4                HAL_CAN_SleepCallback
 .text.HAL_CAN_WakeUpFromRxMsgCallback
                0x00000000080012c6       0x12 Drivers/STM32F1xx_HAL_Driver/Src/stm32f1xx_hal_can.o
                0x00000000080012c6                HAL_CAN_WakeUpFromRxMsgCallback
 .text.HAL_CAN_ErrorCallback
                0x00000000080012d8       0x12 Drivers/STM32F1xx_HAL_Driver/Src/stm32f1xx_hal_can.o
                0x00000000080012d8                HAL_CAN_ErrorCallback
 *fill*         0x00000000080012ea        0x2 
 .text.__NVIC_SetPriorityGrouping
                0x00000000080012ec       0x48 Drivers/STM32F1xx_HAL_Driver/Src/stm32f1xx_hal_cortex.o
 .text.__NVIC_GetPriorityGrouping
                0x0000000008001334       0x1c Drivers/STM32F1xx_HAL_Driver/Src/stm32f1xx_hal_cortex.o
 .text.__NVIC_EnableIRQ
                0x0000000008001350       0x38 Drivers/STM32F1xx_HAL_Driver/Src/stm32f1xx_hal_cortex.o
 .text.__NVIC_SetPriority
                0x0000000008001388       0x54 Drivers/STM32F1xx_HAL_Driver/Src/stm32f1xx_hal_cortex.o
 .text.NVIC_EncodePriority
                0x00000000080013dc       0x64 Drivers/STM32F1xx_HAL_Driver/Src/stm32f1xx_hal_cortex.o
 .text.SysTick_Config
                0x0000000008001440       0x44 Drivers/STM32F1xx_HAL_Driver/Src/stm32f1xx_hal_cortex.o
 .text.HAL_NVIC_SetPriorityGrouping
                0x0000000008001484       0x16 Drivers/STM32F1xx_HAL_Driver/Src/stm32f1xx_hal_cortex.o
                0x0000000008001484                HAL_NVIC_SetPriorityGrouping
 .text.HAL_NVIC_SetPriority
                0x000000000800149a       0x38 Drivers/STM32F1xx_HAL_Driver/Src/stm32f1xx_hal_cortex.o
                0x000000000800149a                HAL_NVIC_SetPriority
 .text.HAL_NVIC_EnableIRQ
                0x00000000080014d2       0x1c Drivers/STM32F1xx_HAL_Driver/Src/stm32f1xx_hal_cortex.o
                0x00000000080014d2                HAL_NVIC_EnableIRQ
 .text.HAL_SYSTICK_Config
                0x00000000080014ee       0x18 Drivers/STM32F1xx_HAL_Driver/Src/stm32f1xx_hal_cortex.o
                0x00000000080014ee                HAL_SYSTICK_Config
 *fill*         0x0000000008001506        0x2 
 .text.HAL_GPIO_Init
                0x0000000008001508      0x2b4 Drivers/STM32F1xx_HAL_Driver/Src/stm32f1xx_hal_gpio.o
                0x0000000008001508                HAL_GPIO_Init
 .text.HAL_GPIO_ReadPin
                0x00000000080017bc       0x2e Drivers/STM32F1xx_HAL_Driver/Src/stm32f1xx_hal_gpio.o
                0x00000000080017bc                HAL_GPIO_ReadPin
 .text.HAL_GPIO_WritePin
                0x00000000080017ea       0x30 Drivers/STM32F1xx_HAL_Driver/Src/stm32f1xx_hal_gpio.o
                0x00000000080017ea                HAL_GPIO_WritePin
 .text.HAL_GPIO_TogglePin
                0x000000000800181a       0x32 Drivers/STM32F1xx_HAL_Driver/Src/stm32f1xx_hal_gpio.o
                0x000000000800181a                HAL_GPIO_TogglePin
 .text.HAL_PCD_Init
                0x000000000800184c      0x216 Drivers/STM32F1xx_HAL_Driver/Src/stm32f1xx_hal_pcd.o
                0x000000000800184c                HAL_PCD_Init
 .text.HAL_PCD_Start
                0x0000000008001a62       0x4c Drivers/STM32F1xx_HAL_Driver/Src/stm32f1xx_hal_pcd.o
                0x0000000008001a62                HAL_PCD_Start
 .text.HAL_PCD_IRQHandler
                0x0000000008001aae      0x2aa Drivers/STM32F1xx_HAL_Driver/Src/stm32f1xx_hal_pcd.o
                0x0000000008001aae                HAL_PCD_IRQHandler
 .text.HAL_PCD_SetAddress
                0x0000000008001d58       0x4a Drivers/STM32F1xx_HAL_Driver/Src/stm32f1xx_hal_pcd.o
                0x0000000008001d58                HAL_PCD_SetAddress
 .text.HAL_PCD_EP_Open
                0x0000000008001da2       0xcc Drivers/STM32F1xx_HAL_Driver/Src/stm32f1xx_hal_pcd.o
                0x0000000008001da2                HAL_PCD_EP_Open
 .text.HAL_PCD_EP_Close
                0x0000000008001e6e       0x90 Drivers/STM32F1xx_HAL_Driver/Src/stm32f1xx_hal_pcd.o
                0x0000000008001e6e                HAL_PCD_EP_Close
 .text.HAL_PCD_EP_Receive
                0x0000000008001efe       0x7a Drivers/STM32F1xx_HAL_Driver/Src/stm32f1xx_hal_pcd.o
                0x0000000008001efe                HAL_PCD_EP_Receive
 .text.HAL_PCD_EP_GetRxCount
                0x0000000008001f78       0x2e Drivers/STM32F1xx_HAL_Driver/Src/stm32f1xx_hal_pcd.o
                0x0000000008001f78                HAL_PCD_EP_GetRxCount
 .text.HAL_PCD_EP_Transmit
                0x0000000008001fa6       0x86 Drivers/STM32F1xx_HAL_Driver/Src/stm32f1xx_hal_pcd.o
                0x0000000008001fa6                HAL_PCD_EP_Transmit
 .text.HAL_PCD_EP_SetStall
                0x000000000800202c       0xc0 Drivers/STM32F1xx_HAL_Driver/Src/stm32f1xx_hal_pcd.o
                0x000000000800202c                HAL_PCD_EP_SetStall
 .text.HAL_PCD_EP_ClrStall
                0x00000000080020ec       0xa8 Drivers/STM32F1xx_HAL_Driver/Src/stm32f1xx_hal_pcd.o
                0x00000000080020ec                HAL_PCD_EP_ClrStall
 .text.PCD_EP_ISR_Handler
                0x0000000008002194      0x5e6 Drivers/STM32F1xx_HAL_Driver/Src/stm32f1xx_hal_pcd.o
 .text.HAL_PCD_EP_DB_Receive
                0x000000000800277a      0x21a Drivers/STM32F1xx_HAL_Driver/Src/stm32f1xx_hal_pcd.o
 .text.HAL_PCD_EP_DB_Transmit
                0x0000000008002994      0x53a Drivers/STM32F1xx_HAL_Driver/Src/stm32f1xx_hal_pcd.o
 .text.HAL_PCDEx_PMAConfig
                0x0000000008002ece       0x84 Drivers/STM32F1xx_HAL_Driver/Src/stm32f1xx_hal_pcd_ex.o
                0x0000000008002ece                HAL_PCDEx_PMAConfig
 *fill*         0x0000000008002f52        0x2 
 .text.HAL_RCC_OscConfig
                0x0000000008002f54      0x500 Drivers/STM32F1xx_HAL_Driver/Src/stm32f1xx_hal_rcc.o
                0x0000000008002f54                HAL_RCC_OscConfig
 .text.HAL_RCC_ClockConfig
                0x0000000008003454      0x1d4 Drivers/STM32F1xx_HAL_Driver/Src/stm32f1xx_hal_rcc.o
                0x0000000008003454                HAL_RCC_ClockConfig
 .text.HAL_RCC_GetSysClockFreq
                0x0000000008003628       0xc4 Drivers/STM32F1xx_HAL_Driver/Src/stm32f1xx_hal_rcc.o
                0x0000000008003628                HAL_RCC_GetSysClockFreq
 .text.RCC_Delay
                0x00000000080036ec       0x3c Drivers/STM32F1xx_HAL_Driver/Src/stm32f1xx_hal_rcc.o
 .text.HAL_RCCEx_PeriphCLKConfig
                0x0000000008003728      0x16c Drivers/STM32F1xx_HAL_Driver/Src/stm32f1xx_hal_rcc_ex.o
                0x0000000008003728                HAL_RCCEx_PeriphCLKConfig
 .text.USB_CoreInit
                0x0000000008003894       0x20 Drivers/STM32F1xx_HAL_Driver/Src/stm32f1xx_ll_usb.o
                0x0000000008003894                USB_CoreInit
 .text.USB_EnableGlobalInt
                0x00000000080038b4       0x2c Drivers/STM32F1xx_HAL_Driver/Src/stm32f1xx_ll_usb.o
                0x00000000080038b4                USB_EnableGlobalInt
 .text.USB_DisableGlobalInt
                0x00000000080038e0       0x34 Drivers/STM32F1xx_HAL_Driver/Src/stm32f1xx_ll_usb.o
                0x00000000080038e0                USB_DisableGlobalInt
 .text.USB_SetCurrentMode
                0x0000000008003914       0x18 Drivers/STM32F1xx_HAL_Driver/Src/stm32f1xx_ll_usb.o
                0x0000000008003914                USB_SetCurrentMode
 .text.USB_DevInit
                0x000000000800392c       0x40 Drivers/STM32F1xx_HAL_Driver/Src/stm32f1xx_ll_usb.o
                0x000000000800392c                USB_DevInit
 .text.USB_ActivateEndpoint
                0x000000000800396c      0x6d4 Drivers/STM32F1xx_HAL_Driver/Src/stm32f1xx_ll_usb.o
                0x000000000800396c                USB_ActivateEndpoint
 .text.USB_DeactivateEndpoint
                0x0000000008004040      0x3d8 Drivers/STM32F1xx_HAL_Driver/Src/stm32f1xx_ll_usb.o
                0x0000000008004040                USB_DeactivateEndpoint
 .text.USB_EPStartXfer
                0x0000000008004418     0x1240 Drivers/STM32F1xx_HAL_Driver/Src/stm32f1xx_ll_usb.o
                0x0000000008004418                USB_EPStartXfer
 .text.USB_EPSetStall
                0x0000000008005658       0xa0 Drivers/STM32F1xx_HAL_Driver/Src/stm32f1xx_ll_usb.o
                0x0000000008005658                USB_EPSetStall
 .text.USB_EPClearStall
                0x00000000080056f8      0x15a Drivers/STM32F1xx_HAL_Driver/Src/stm32f1xx_ll_usb.o
                0x00000000080056f8                USB_EPClearStall
 .text.USB_SetDevAddress
                0x0000000008005852       0x26 Drivers/STM32F1xx_HAL_Driver/Src/stm32f1xx_ll_usb.o
                0x0000000008005852                USB_SetDevAddress
 .text.USB_DevConnect
                0x0000000008005878       0x14 Drivers/STM32F1xx_HAL_Driver/Src/stm32f1xx_ll_usb.o
                0x0000000008005878                USB_DevConnect
 .text.USB_DevDisconnect
                0x000000000800588c       0x14 Drivers/STM32F1xx_HAL_Driver/Src/stm32f1xx_ll_usb.o
                0x000000000800588c                USB_DevDisconnect
 .text.USB_ReadInterrupts
                0x00000000080058a0       0x1e Drivers/STM32F1xx_HAL_Driver/Src/stm32f1xx_ll_usb.o
                0x00000000080058a0                USB_ReadInterrupts
 .text.USB_EP0_OutStart
                0x00000000080058be       0x16 Drivers/STM32F1xx_HAL_Driver/Src/stm32f1xx_ll_usb.o
                0x00000000080058be                USB_EP0_OutStart
 .text.USB_WritePMA
                0x00000000080058d4       0x88 Drivers/STM32F1xx_HAL_Driver/Src/stm32f1xx_ll_usb.o
                0x00000000080058d4                USB_WritePMA
 .text.USB_ReadPMA
                0x000000000800595c       0x9e Drivers/STM32F1xx_HAL_Driver/Src/stm32f1xx_ll_usb.o
                0x000000000800595c                USB_ReadPMA
 .text.USBD_CDC_Init
                0x00000000080059fa       0xf4 Middlewares/ST/STM32_USB_Device_Library/Class/CDC/Src/usbd_cdc.o
 .text.USBD_CDC_DeInit
                0x0000000008005aee       0x6e Middlewares/ST/STM32_USB_Device_Library/Class/CDC/Src/usbd_cdc.o
 .text.USBD_CDC_Setup
                0x0000000008005b5c      0x140 Middlewares/ST/STM32_USB_Device_Library/Class/CDC/Src/usbd_cdc.o
 .text.USBD_CDC_DataIn
                0x0000000008005c9c       0xa6 Middlewares/ST/STM32_USB_Device_Library/Class/CDC/Src/usbd_cdc.o
 .text.USBD_CDC_DataOut
                0x0000000008005d42       0x56 Middlewares/ST/STM32_USB_Device_Library/Class/CDC/Src/usbd_cdc.o
 .text.USBD_CDC_EP0_RxReady
                0x0000000008005d98       0x50 Middlewares/ST/STM32_USB_Device_Library/Class/CDC/Src/usbd_cdc.o
 .text.USBD_CDC_GetFSCfgDesc
                0x0000000008005de8       0x20 Middlewares/ST/STM32_USB_Device_Library/Class/CDC/Src/usbd_cdc.o
 .text.USBD_CDC_GetHSCfgDesc
                0x0000000008005e08       0x20 Middlewares/ST/STM32_USB_Device_Library/Class/CDC/Src/usbd_cdc.o
 .text.USBD_CDC_GetOtherSpeedCfgDesc
                0x0000000008005e28       0x20 Middlewares/ST/STM32_USB_Device_Library/Class/CDC/Src/usbd_cdc.o
 .text.USBD_CDC_GetDeviceQualifierDescriptor
                0x0000000008005e48       0x20 Middlewares/ST/STM32_USB_Device_Library/Class/CDC/Src/usbd_cdc.o
                0x0000000008005e48                USBD_CDC_GetDeviceQualifierDescriptor
 .text.USBD_CDC_RegisterInterface
                0x0000000008005e68       0x2c Middlewares/ST/STM32_USB_Device_Library/Class/CDC/Src/usbd_cdc.o
                0x0000000008005e68                USBD_CDC_RegisterInterface
 .text.USBD_CDC_SetTxBuffer
                0x0000000008005e94       0x32 Middlewares/ST/STM32_USB_Device_Library/Class/CDC/Src/usbd_cdc.o
                0x0000000008005e94                USBD_CDC_SetTxBuffer
 .text.USBD_CDC_SetRxBuffer
                0x0000000008005ec6       0x26 Middlewares/ST/STM32_USB_Device_Library/Class/CDC/Src/usbd_cdc.o
                0x0000000008005ec6                USBD_CDC_SetRxBuffer
 .text.USBD_CDC_ReceivePacket
                0x0000000008005eec       0x54 Middlewares/ST/STM32_USB_Device_Library/Class/CDC/Src/usbd_cdc.o
                0x0000000008005eec                USBD_CDC_ReceivePacket
 .text.USBD_Init
                0x0000000008005f40       0x56 Middlewares/ST/STM32_USB_Device_Library/Core/Src/usbd_core.o
                0x0000000008005f40                USBD_Init
 .text.USBD_RegisterClass
                0x0000000008005f96       0x32 Middlewares/ST/STM32_USB_Device_Library/Core/Src/usbd_core.o
                0x0000000008005f96                USBD_RegisterClass
 .text.USBD_Start
                0x0000000008005fc8       0x18 Middlewares/ST/STM32_USB_Device_Library/Core/Src/usbd_core.o
                0x0000000008005fc8                USBD_Start
 .text.USBD_RunTestMode
                0x0000000008005fe0       0x14 Middlewares/ST/STM32_USB_Device_Library/Core/Src/usbd_core.o
                0x0000000008005fe0                USBD_RunTestMode
 .text.USBD_SetClassConfig
                0x0000000008005ff4       0x3e Middlewares/ST/STM32_USB_Device_Library/Core/Src/usbd_core.o
                0x0000000008005ff4                USBD_SetClassConfig
 .text.USBD_ClrClassConfig
                0x0000000008006032       0x26 Middlewares/ST/STM32_USB_Device_Library/Core/Src/usbd_core.o
                0x0000000008006032                USBD_ClrClassConfig
 .text.USBD_LL_SetupStage
                0x0000000008006058       0x96 Middlewares/ST/STM32_USB_Device_Library/Core/Src/usbd_core.o
                0x0000000008006058                USBD_LL_SetupStage
 .text.USBD_LL_DataOutStage
                0x00000000080060ee       0xe2 Middlewares/ST/STM32_USB_Device_Library/Core/Src/usbd_core.o
                0x00000000080060ee                USBD_LL_DataOutStage
 .text.USBD_LL_DataInStage
                0x00000000080061d0      0x14a Middlewares/ST/STM32_USB_Device_Library/Core/Src/usbd_core.o
                0x00000000080061d0                USBD_LL_DataInStage
 .text.USBD_LL_Reset
                0x000000000800631a       0x82 Middlewares/ST/STM32_USB_Device_Library/Core/Src/usbd_core.o
                0x000000000800631a                USBD_LL_Reset
 .text.USBD_LL_SetSpeed
                0x000000000800639c       0x1e Middlewares/ST/STM32_USB_Device_Library/Core/Src/usbd_core.o
                0x000000000800639c                USBD_LL_SetSpeed
 .text.USBD_LL_Suspend
                0x00000000080063ba       0x28 Middlewares/ST/STM32_USB_Device_Library/Core/Src/usbd_core.o
                0x00000000080063ba                USBD_LL_Suspend
 .text.USBD_LL_Resume
                0x00000000080063e2       0x2a Middlewares/ST/STM32_USB_Device_Library/Core/Src/usbd_core.o
                0x00000000080063e2                USBD_LL_Resume
 .text.USBD_LL_SOF
                0x000000000800640c       0x34 Middlewares/ST/STM32_USB_Device_Library/Core/Src/usbd_core.o
                0x000000000800640c                USBD_LL_SOF
 .text.USBD_StdDevReq
                0x0000000008006440       0xd4 Middlewares/ST/STM32_USB_Device_Library/Core/Src/usbd_ctlreq.o
                0x0000000008006440                USBD_StdDevReq
 .text.USBD_StdItfReq
                0x0000000008006514       0x8c Middlewares/ST/STM32_USB_Device_Library/Core/Src/usbd_ctlreq.o
                0x0000000008006514                USBD_StdItfReq
 .text.USBD_StdEPReq
                0x00000000080065a0      0x2ba Middlewares/ST/STM32_USB_Device_Library/Core/Src/usbd_ctlreq.o
                0x00000000080065a0                USBD_StdEPReq
 *fill*         0x000000000800685a        0x2 
 .text.USBD_GetDescriptor
                0x000000000800685c      0x2d0 Middlewares/ST/STM32_USB_Device_Library/Core/Src/usbd_ctlreq.o
 .text.USBD_SetAddress
                0x0000000008006b2c       0x84 Middlewares/ST/STM32_USB_Device_Library/Core/Src/usbd_ctlreq.o
 .text.USBD_SetConfig
                0x0000000008006bb0      0x11c Middlewares/ST/STM32_USB_Device_Library/Core/Src/usbd_ctlreq.o
 .text.USBD_GetConfig
                0x0000000008006ccc       0x68 Middlewares/ST/STM32_USB_Device_Library/Core/Src/usbd_ctlreq.o
 .text.USBD_GetStatus
                0x0000000008006d34       0x66 Middlewares/ST/STM32_USB_Device_Library/Core/Src/usbd_ctlreq.o
 .text.USBD_SetFeature
                0x0000000008006d9a       0x28 Middlewares/ST/STM32_USB_Device_Library/Core/Src/usbd_ctlreq.o
 .text.USBD_ClrFeature
                0x0000000008006dc2       0x42 Middlewares/ST/STM32_USB_Device_Library/Core/Src/usbd_ctlreq.o
 .text.USBD_ParseSetupRequest
                0x0000000008006e04       0x78 Middlewares/ST/STM32_USB_Device_Library/Core/Src/usbd_ctlreq.o
                0x0000000008006e04                USBD_ParseSetupRequest
 .text.USBD_CtlError
                0x0000000008006e7c       0x22 Middlewares/ST/STM32_USB_Device_Library/Core/Src/usbd_ctlreq.o
                0x0000000008006e7c                USBD_CtlError
 .text.USBD_GetString
                0x0000000008006e9e       0x84 Middlewares/ST/STM32_USB_Device_Library/Core/Src/usbd_ctlreq.o
                0x0000000008006e9e                USBD_GetString
 .text.USBD_GetLen
                0x0000000008006f22       0x2e Middlewares/ST/STM32_USB_Device_Library/Core/Src/usbd_ctlreq.o
 .text.USBD_CtlSendData
                0x0000000008006f50       0x38 Middlewares/ST/STM32_USB_Device_Library/Core/Src/usbd_ioreq.o
                0x0000000008006f50                USBD_CtlSendData
 .text.USBD_CtlContinueSendData
                0x0000000008006f88       0x24 Middlewares/ST/STM32_USB_Device_Library/Core/Src/usbd_ioreq.o
                0x0000000008006f88                USBD_CtlContinueSendData
 .text.USBD_CtlPrepareRx
                0x0000000008006fac       0x3c Middlewares/ST/STM32_USB_Device_Library/Core/Src/usbd_ioreq.o
                0x0000000008006fac                USBD_CtlPrepareRx
 .text.USBD_CtlContinueRx
                0x0000000008006fe8       0x24 Middlewares/ST/STM32_USB_Device_Library/Core/Src/usbd_ioreq.o
                0x0000000008006fe8                USBD_CtlContinueRx
 .text.USBD_CtlSendStatus
                0x000000000800700c       0x26 Middlewares/ST/STM32_USB_Device_Library/Core/Src/usbd_ioreq.o
                0x000000000800700c                USBD_CtlSendStatus
 .text.USBD_CtlReceiveStatus
                0x0000000008007032       0x26 Middlewares/ST/STM32_USB_Device_Library/Core/Src/usbd_ioreq.o
                0x0000000008007032                USBD_CtlReceiveStatus
 .text.MX_USB_DEVICE_Init
                0x0000000008007058       0x60 USB_DEVICE/App/usb_device.o
                0x0000000008007058                MX_USB_DEVICE_Init
 .text.CDC_Init_FS
                0x00000000080070b8       0x28 USB_DEVICE/App/usbd_cdc_if.o
 .text.CDC_DeInit_FS
                0x00000000080070e0        0xe USB_DEVICE/App/usbd_cdc_if.o
 *fill*         0x00000000080070ee        0x2 
 .text.CDC_Control_FS
                0x00000000080070f0       0xbc USB_DEVICE/App/usbd_cdc_if.o
 .text.CDC_Receive_FS
                0x00000000080071ac       0x28 USB_DEVICE/App/usbd_cdc_if.o
 .text.USBD_FS_DeviceDescriptor
                0x00000000080071d4       0x24 USB_DEVICE/App/usbd_desc.o
                0x00000000080071d4                USBD_FS_DeviceDescriptor
 .text.USBD_FS_LangIDStrDescriptor
                0x00000000080071f8       0x24 USB_DEVICE/App/usbd_desc.o
                0x00000000080071f8                USBD_FS_LangIDStrDescriptor
 .text.USBD_FS_ProductStrDescriptor
                0x000000000800721c       0x3c USB_DEVICE/App/usbd_desc.o
                0x000000000800721c                USBD_FS_ProductStrDescriptor
 .text.USBD_FS_ManufacturerStrDescriptor
                0x0000000008007258       0x28 USB_DEVICE/App/usbd_desc.o
                0x0000000008007258                USBD_FS_ManufacturerStrDescriptor
 .text.USBD_FS_SerialStrDescriptor
                0x0000000008007280       0x24 USB_DEVICE/App/usbd_desc.o
                0x0000000008007280                USBD_FS_SerialStrDescriptor
 .text.USBD_FS_ConfigStrDescriptor
                0x00000000080072a4       0x3c USB_DEVICE/App/usbd_desc.o
                0x00000000080072a4                USBD_FS_ConfigStrDescriptor
 .text.USBD_FS_InterfaceStrDescriptor
                0x00000000080072e0       0x3c USB_DEVICE/App/usbd_desc.o
                0x00000000080072e0                USBD_FS_InterfaceStrDescriptor
 .text.Get_SerialNum
                0x000000000800731c       0x58 USB_DEVICE/App/usbd_desc.o
 .text.IntToUnicode
                0x0000000008007374       0x7a USB_DEVICE/App/usbd_desc.o
 *fill*         0x00000000080073ee        0x2 
 .text.HAL_PCD_MspInit
                0x00000000080073f0       0x4c USB_DEVICE/Target/usbd_conf.o
                0x00000000080073f0                HAL_PCD_MspInit
 .text.HAL_PCD_SetupStageCallback
                0x000000000800743c       0x24 USB_DEVICE/Target/usbd_conf.o
                0x000000000800743c                HAL_PCD_SetupStageCallback
 .text.HAL_PCD_DataOutStageCallback
                0x0000000008007460       0x36 USB_DEVICE/Target/usbd_conf.o
                0x0000000008007460                HAL_PCD_DataOutStageCallback
 .text.HAL_PCD_DataInStageCallback
                0x0000000008007496       0x34 USB_DEVICE/Target/usbd_conf.o
                0x0000000008007496                HAL_PCD_DataInStageCallback
 .text.HAL_PCD_SOFCallback
                0x00000000080074ca       0x1c USB_DEVICE/Target/usbd_conf.o
                0x00000000080074ca                HAL_PCD_SOFCallback
 .text.HAL_PCD_ResetCallback
                0x00000000080074e6       0x3c USB_DEVICE/Target/usbd_conf.o
                0x00000000080074e6                HAL_PCD_ResetCallback
 *fill*         0x0000000008007522        0x2 
 .text.HAL_PCD_SuspendCallback
                0x0000000008007524       0x34 USB_DEVICE/Target/usbd_conf.o
                0x0000000008007524                HAL_PCD_SuspendCallback
 .text.HAL_PCD_ResumeCallback
                0x0000000008007558       0x1c USB_DEVICE/Target/usbd_conf.o
                0x0000000008007558                HAL_PCD_ResumeCallback
 .text.USBD_LL_Init
                0x0000000008007574       0xb4 USB_DEVICE/Target/usbd_conf.o
                0x0000000008007574                USBD_LL_Init
 .text.USBD_LL_Start
                0x0000000008007628       0x36 USB_DEVICE/Target/usbd_conf.o
                0x0000000008007628                USBD_LL_Start
 .text.USBD_LL_OpenEP
                0x000000000800765e       0x4c USB_DEVICE/Target/usbd_conf.o
                0x000000000800765e                USBD_LL_OpenEP
 .text.USBD_LL_CloseEP
                0x00000000080076aa       0x3e USB_DEVICE/Target/usbd_conf.o
                0x00000000080076aa                USBD_LL_CloseEP
 .text.USBD_LL_StallEP
                0x00000000080076e8       0x3e USB_DEVICE/Target/usbd_conf.o
                0x00000000080076e8                USBD_LL_StallEP
 .text.USBD_LL_ClearStallEP
                0x0000000008007726       0x3e USB_DEVICE/Target/usbd_conf.o
                0x0000000008007726                USBD_LL_ClearStallEP
 .text.USBD_LL_IsStallEP
                0x0000000008007764       0x58 USB_DEVICE/Target/usbd_conf.o
                0x0000000008007764                USBD_LL_IsStallEP
 .text.USBD_LL_SetUSBAddress
                0x00000000080077bc       0x3e USB_DEVICE/Target/usbd_conf.o
                0x00000000080077bc                USBD_LL_SetUSBAddress
 .text.USBD_LL_Transmit
                0x00000000080077fa       0x46 USB_DEVICE/Target/usbd_conf.o
                0x00000000080077fa                USBD_LL_Transmit
 .text.USBD_LL_PrepareReceive
                0x0000000008007840       0x46 USB_DEVICE/Target/usbd_conf.o
                0x0000000008007840                USBD_LL_PrepareReceive
 .text.USBD_LL_GetRxDataSize
                0x0000000008007886       0x26 USB_DEVICE/Target/usbd_conf.o
                0x0000000008007886                USBD_LL_GetRxDataSize
 .text.USBD_static_malloc
                0x00000000080078ac       0x18 USB_DEVICE/Target/usbd_conf.o
                0x00000000080078ac                USBD_static_malloc
 .text.USBD_static_free
                0x00000000080078c4       0x12 USB_DEVICE/Target/usbd_conf.o
                0x00000000080078c4                USBD_static_free
 .text.HAL_PCDEx_SetConnectionState
                0x00000000080078d6       0x16 USB_DEVICE/Target/usbd_conf.o
                0x00000000080078d6                HAL_PCDEx_SetConnectionState
 .text.USBD_Get_USB_Status
                0x00000000080078ec       0x58 USB_DEVICE/Target/usbd_conf.o
 .text.__libc_init_array
                0x0000000008007944       0x48 d:/program files/stm32cubeide_1.5.0/stm32cubeide/plugins/com.st.stm32cube.ide.mcu.externaltools.gnu-tools-for-stm32.7-2018-q2-update.win32_1.5.0.202011040924/tools/bin/../lib/gcc/arm-none-eabi/7.3.1/../../../../arm-none-eabi/lib/thumb/v7-m\libc_nano.a(lib_a-init.o)
                0x0000000008007944                __libc_init_array
 .text.memset   0x000000000800798c       0x10 d:/program files/stm32cubeide_1.5.0/stm32cubeide/plugins/com.st.stm32cube.ide.mcu.externaltools.gnu-tools-for-stm32.7-2018-q2-update.win32_1.5.0.202011040924/tools/bin/../lib/gcc/arm-none-eabi/7.3.1/../../../../arm-none-eabi/lib/thumb/v7-m\libc_nano.a(lib_a-memset.o)
                0x000000000800798c                memset
 *(.glue_7)
 .glue_7        0x000000000800799c        0x0 linker stubs
 *(.glue_7t)
 .glue_7t       0x000000000800799c        0x0 linker stubs
 *(.eh_frame)
 .eh_frame      0x000000000800799c        0x0 d:/program files/stm32cubeide_1.5.0/stm32cubeide/plugins/com.st.stm32cube.ide.mcu.externaltools.gnu-tools-for-stm32.7-2018-q2-update.win32_1.5.0.202011040924/tools/bin/../lib/gcc/arm-none-eabi/7.3.1/thumb/v7-m/crtbegin.o
 *(.init)
 .init          0x000000000800799c        0x4 d:/program files/stm32cubeide_1.5.0/stm32cubeide/plugins/com.st.stm32cube.ide.mcu.externaltools.gnu-tools-for-stm32.7-2018-q2-update.win32_1.5.0.202011040924/tools/bin/../lib/gcc/arm-none-eabi/7.3.1/thumb/v7-m/crti.o
                0x000000000800799c                _init
 .init          0x00000000080079a0        0x8 d:/program files/stm32cubeide_1.5.0/stm32cubeide/plugins/com.st.stm32cube.ide.mcu.externaltools.gnu-tools-for-stm32.7-2018-q2-update.win32_1.5.0.202011040924/tools/bin/../lib/gcc/arm-none-eabi/7.3.1/thumb/v7-m/crtn.o
 *(.fini)
 .fini          0x00000000080079a8        0x4 d:/program files/stm32cubeide_1.5.0/stm32cubeide/plugins/com.st.stm32cube.ide.mcu.externaltools.gnu-tools-for-stm32.7-2018-q2-update.win32_1.5.0.202011040924/tools/bin/../lib/gcc/arm-none-eabi/7.3.1/thumb/v7-m/crti.o
                0x00000000080079a8                _fini
 .fini          0x00000000080079ac        0x8 d:/program files/stm32cubeide_1.5.0/stm32cubeide/plugins/com.st.stm32cube.ide.mcu.externaltools.gnu-tools-for-stm32.7-2018-q2-update.win32_1.5.0.202011040924/tools/bin/../lib/gcc/arm-none-eabi/7.3.1/thumb/v7-m/crtn.o
                0x00000000080079b4                . = ALIGN (0x4)
                0x00000000080079b4                _etext = .

.vfp11_veneer   0x00000000080079b4        0x0
 .vfp11_veneer  0x00000000080079b4        0x0 linker stubs

.v4_bx          0x00000000080079b4        0x0
 .v4_bx         0x00000000080079b4        0x0 linker stubs

.iplt           0x00000000080079b4        0x0
 .iplt          0x00000000080079b4        0x0 d:/program files/stm32cubeide_1.5.0/stm32cubeide/plugins/com.st.stm32cube.ide.mcu.externaltools.gnu-tools-for-stm32.7-2018-q2-update.win32_1.5.0.202011040924/tools/bin/../lib/gcc/arm-none-eabi/7.3.1/thumb/v7-m/crtbegin.o

.rodata         0x00000000080079b4       0x6c
                0x00000000080079b4                . = ALIGN (0x4)
 *(.rodata)
 .rodata        0x00000000080079b4       0x12 Drivers/STM32F1xx_HAL_Driver/Src/stm32f1xx_hal_rcc.o
 *fill*         0x00000000080079c6        0x2 
 .rodata        0x00000000080079c8       0x46 USB_DEVICE/App/usbd_desc.o
 *(.rodata*)
 *fill*         0x0000000008007a0e        0x2 
 .rodata.AHBPrescTable
                0x0000000008007a10       0x10 Core/Src/system_stm32f1xx.o
                0x0000000008007a10                AHBPrescTable
                0x0000000008007a20                . = ALIGN (0x4)

.rel.dyn        0x0000000008007a20        0x0
 .rel.iplt      0x0000000008007a20        0x0 d:/program files/stm32cubeide_1.5.0/stm32cubeide/plugins/com.st.stm32cube.ide.mcu.externaltools.gnu-tools-for-stm32.7-2018-q2-update.win32_1.5.0.202011040924/tools/bin/../lib/gcc/arm-none-eabi/7.3.1/thumb/v7-m/crtbegin.o

.ARM.extab      0x0000000008007a20        0x0
                0x0000000008007a20                . = ALIGN (0x4)
 *(.ARM.extab* .gnu.linkonce.armextab.*)
                0x0000000008007a20                . = ALIGN (0x4)

.ARM            0x0000000008007a20        0x0
                0x0000000008007a20                . = ALIGN (0x4)
                0x0000000008007a20                __exidx_start = .
 *(.ARM.exidx*)
                0x0000000008007a20                __exidx_end = .
                0x0000000008007a20                . = ALIGN (0x4)

.preinit_array  0x0000000008007a20        0x0
                0x0000000008007a20                . = ALIGN (0x4)
                0x0000000008007a20                PROVIDE (__preinit_array_start = .)
 *(.preinit_array*)
                0x0000000008007a20                PROVIDE (__preinit_array_end = .)
                0x0000000008007a20                . = ALIGN (0x4)

.init_array     0x0000000008007a20        0x4
                0x0000000008007a20                . = ALIGN (0x4)
                0x0000000008007a20                PROVIDE (__init_array_start = .)
 *(SORT_BY_NAME(.init_array.*))
 *(.init_array*)
 .init_array    0x0000000008007a20        0x4 d:/program files/stm32cubeide_1.5.0/stm32cubeide/plugins/com.st.stm32cube.ide.mcu.externaltools.gnu-tools-for-stm32.7-2018-q2-update.win32_1.5.0.202011040924/tools/bin/../lib/gcc/arm-none-eabi/7.3.1/thumb/v7-m/crtbegin.o
                0x0000000008007a24                PROVIDE (__init_array_end = .)
                0x0000000008007a24                . = ALIGN (0x4)

.fini_array     0x0000000008007a24        0x4
                0x0000000008007a24                . = ALIGN (0x4)
                [!provide]                        PROVIDE (__fini_array_start = .)
 *(SORT_BY_NAME(.fini_array.*))
 *(.fini_array*)
 .fini_array    0x0000000008007a24        0x4 d:/program files/stm32cubeide_1.5.0/stm32cubeide/plugins/com.st.stm32cube.ide.mcu.externaltools.gnu-tools-for-stm32.7-2018-q2-update.win32_1.5.0.202011040924/tools/bin/../lib/gcc/arm-none-eabi/7.3.1/thumb/v7-m/crtbegin.o
                [!provide]                        PROVIDE (__fini_array_end = .)
                0x0000000008007a28                . = ALIGN (0x4)
                0x0000000008007a28                _sidata = LOADADDR (.data)

.data           0x0000000020000000      0x17c load address 0x0000000008007a28
                0x0000000020000000                . = ALIGN (0x4)
                0x0000000020000000                _sdata = .
 *(.data)
 *(.data*)
 .data.SystemCoreClock
                0x0000000020000000        0x4 Core/Src/system_stm32f1xx.o
                0x0000000020000000                SystemCoreClock
 .data.uwTickPrio
                0x0000000020000004        0x4 Drivers/STM32F1xx_HAL_Driver/Src/stm32f1xx_hal.o
                0x0000000020000004                uwTickPrio
 .data.uwTickFreq
                0x0000000020000008        0x1 Drivers/STM32F1xx_HAL_Driver/Src/stm32f1xx_hal.o
                0x0000000020000008                uwTickFreq
 *fill*         0x0000000020000009        0x3 
 .data.USBD_CDC_DeviceQualifierDesc
                0x000000002000000c        0xa Middlewares/ST/STM32_USB_Device_Library/Class/CDC/Src/usbd_cdc.o
 *fill*         0x0000000020000016        0x2 
 .data.USBD_CDC
                0x0000000020000018       0x38 Middlewares/ST/STM32_USB_Device_Library/Class/CDC/Src/usbd_cdc.o
                0x0000000020000018                USBD_CDC
 .data.USBD_CDC_CfgHSDesc
                0x0000000020000050       0x43 Middlewares/ST/STM32_USB_Device_Library/Class/CDC/Src/usbd_cdc.o
                0x0000000020000050                USBD_CDC_CfgHSDesc
 *fill*         0x0000000020000093        0x1 
 .data.USBD_CDC_CfgFSDesc
                0x0000000020000094       0x43 Middlewares/ST/STM32_USB_Device_Library/Class/CDC/Src/usbd_cdc.o
                0x0000000020000094                USBD_CDC_CfgFSDesc
 *fill*         0x00000000200000d7        0x1 
 .data.USBD_CDC_OtherSpeedCfgDesc
                0x00000000200000d8       0x43 Middlewares/ST/STM32_USB_Device_Library/Class/CDC/Src/usbd_cdc.o
                0x00000000200000d8                USBD_CDC_OtherSpeedCfgDesc
 *fill*         0x000000002000011b        0x1 
 .data.USBD_Interface_fops_FS
                0x000000002000011c       0x10 USB_DEVICE/App/usbd_cdc_if.o
                0x000000002000011c                USBD_Interface_fops_FS
 .data.FS_Desc  0x000000002000012c       0x1c USB_DEVICE/App/usbd_desc.o
                0x000000002000012c                FS_Desc
 .data.USBD_FS_DeviceDesc
                0x0000000020000148       0x12 USB_DEVICE/App/usbd_desc.o
                0x0000000020000148                USBD_FS_DeviceDesc
 *fill*         0x000000002000015a        0x2 
 .data.USBD_LangIDDesc
                0x000000002000015c        0x4 USB_DEVICE/App/usbd_desc.o
                0x000000002000015c                USBD_LangIDDesc
 .data.USBD_StringSerial
                0x0000000020000160       0x1a USB_DEVICE/App/usbd_desc.o
                0x0000000020000160                USBD_StringSerial
 *(.RamFunc)
 *(.RamFunc*)
                0x000000002000017c                . = ALIGN (0x4)
 *fill*         0x000000002000017a        0x2 
                0x000000002000017c                _edata = .

.igot.plt       0x000000002000017c        0x0 load address 0x0000000008007ba4
 .igot.plt      0x000000002000017c        0x0 d:/program files/stm32cubeide_1.5.0/stm32cubeide/plugins/com.st.stm32cube.ide.mcu.externaltools.gnu-tools-for-stm32.7-2018-q2-update.win32_1.5.0.202011040924/tools/bin/../lib/gcc/arm-none-eabi/7.3.1/thumb/v7-m/crtbegin.o
                0x000000002000017c                . = ALIGN (0x4)

.bss            0x000000002000017c     0x125c load address 0x0000000008007ba4
                0x000000002000017c                _sbss = .
                0x000000002000017c                __bss_start__ = _sbss
 *(.bss)
 .bss           0x000000002000017c       0x1c d:/program files/stm32cubeide_1.5.0/stm32cubeide/plugins/com.st.stm32cube.ide.mcu.externaltools.gnu-tools-for-stm32.7-2018-q2-update.win32_1.5.0.202011040924/tools/bin/../lib/gcc/arm-none-eabi/7.3.1/thumb/v7-m/crtbegin.o
 *(.bss*)
 .bss.csend     0x0000000020000198        0x8 Core/Src/main.o
                0x0000000020000198                csend
 .bss.cfgidx.7770
                0x00000000200001a0        0x1 Middlewares/ST/STM32_USB_Device_Library/Core/Src/usbd_ctlreq.o
 *fill*         0x00000000200001a1        0x3 
 .bss.mem.7838  0x00000000200001a4      0x220 USB_DEVICE/Target/usbd_conf.o
 *(COMMON)
 COMMON         0x00000000200003c4       0x90 Core/Src/main.o
                0x00000000200003c4                txHeader
                0x00000000200003dc                rxHeader
                0x00000000200003f8                hcan
                0x0000000020000420                stateofinput
                0x0000000020000428                canfil
                0x0000000020000450                canMailbox
 COMMON         0x0000000020000454        0x4 Drivers/STM32F1xx_HAL_Driver/Src/stm32f1xx_hal.o
                0x0000000020000454                uwTick
 COMMON         0x0000000020000458      0x2c4 USB_DEVICE/App/usb_device.o
                0x0000000020000458                hUsbDeviceFS
 COMMON         0x000000002000071c      0x7d0 USB_DEVICE/App/usbd_cdc_if.o
                0x000000002000071c                UserRxBufferFS
                0x0000000020000b04                UserTxBufferFS
 COMMON         0x0000000020000eec      0x200 USB_DEVICE/App/usbd_desc.o
                0x0000000020000eec                USBD_StrDesc
 COMMON         0x00000000200010ec      0x2ec USB_DEVICE/Target/usbd_conf.o
                0x00000000200010ec                hpcd_USB_FS
                0x00000000200013d8                . = ALIGN (0x4)
                0x00000000200013d8                _ebss = .
                0x00000000200013d8                __bss_end__ = _ebss

._user_heap_stack
                0x00000000200013d8      0x600 load address 0x0000000008007ba4
                0x00000000200013d8                . = ALIGN (0x8)
                [!provide]                        PROVIDE (end = .)
                0x00000000200013d8                PROVIDE (_end = .)
                0x00000000200015d8                . = (. + _Min_Heap_Size)
 *fill*         0x00000000200013d8      0x200 
                0x00000000200019d8                . = (. + _Min_Stack_Size)
 *fill*         0x00000000200015d8      0x400 
                0x00000000200019d8                . = ALIGN (0x8)

/DISCARD/
 libc.a(*)
 libm.a(*)
 libgcc.a(*)

.ARM.attributes
                0x0000000000000000       0x29
 *(.ARM.attributes)
 .ARM.attributes
                0x0000000000000000       0x1d d:/program files/stm32cubeide_1.5.0/stm32cubeide/plugins/com.st.stm32cube.ide.mcu.externaltools.gnu-tools-for-stm32.7-2018-q2-update.win32_1.5.0.202011040924/tools/bin/../lib/gcc/arm-none-eabi/7.3.1/thumb/v7-m/crti.o
 .ARM.attributes
                0x000000000000001d       0x2d d:/program files/stm32cubeide_1.5.0/stm32cubeide/plugins/com.st.stm32cube.ide.mcu.externaltools.gnu-tools-for-stm32.7-2018-q2-update.win32_1.5.0.202011040924/tools/bin/../lib/gcc/arm-none-eabi/7.3.1/thumb/v7-m/crtbegin.o
 .ARM.attributes
                0x000000000000004a       0x33 Core/Src/main.o
 .ARM.attributes
                0x000000000000007d       0x33 Core/Src/stm32f1xx_hal_msp.o
 .ARM.attributes
                0x00000000000000b0       0x33 Core/Src/stm32f1xx_it.o
 .ARM.attributes
                0x00000000000000e3       0x33 Core/Src/system_stm32f1xx.o
 .ARM.attributes
                0x0000000000000116       0x21 Core/Startup/startup_stm32f103c8tx.o
 .ARM.attributes
                0x0000000000000137       0x33 Drivers/STM32F1xx_HAL_Driver/Src/stm32f1xx_hal.o
 .ARM.attributes
                0x000000000000016a       0x33 Drivers/STM32F1xx_HAL_Driver/Src/stm32f1xx_hal_can.o
 .ARM.attributes
                0x000000000000019d       0x33 Drivers/STM32F1xx_HAL_Driver/Src/stm32f1xx_hal_cortex.o
 .ARM.attributes
                0x00000000000001d0       0x33 Drivers/STM32F1xx_HAL_Driver/Src/stm32f1xx_hal_gpio.o
 .ARM.attributes
                0x0000000000000203       0x33 Drivers/STM32F1xx_HAL_Driver/Src/stm32f1xx_hal_pcd.o
 .ARM.attributes
                0x0000000000000236       0x33 Drivers/STM32F1xx_HAL_Driver/Src/stm32f1xx_hal_pcd_ex.o
 .ARM.attributes
                0x0000000000000269       0x33 Drivers/STM32F1xx_HAL_Driver/Src/stm32f1xx_hal_rcc.o
 .ARM.attributes
                0x000000000000029c       0x33 Drivers/STM32F1xx_HAL_Driver/Src/stm32f1xx_hal_rcc_ex.o
 .ARM.attributes
                0x00000000000002cf       0x33 Drivers/STM32F1xx_HAL_Driver/Src/stm32f1xx_ll_usb.o
 .ARM.attributes
                0x0000000000000302       0x33 Middlewares/ST/STM32_USB_Device_Library/Class/CDC/Src/usbd_cdc.o
 .ARM.attributes
                0x0000000000000335       0x33 Middlewares/ST/STM32_USB_Device_Library/Core/Src/usbd_core.o
 .ARM.attributes
                0x0000000000000368       0x33 Middlewares/ST/STM32_USB_Device_Library/Core/Src/usbd_ctlreq.o
 .ARM.attributes
                0x000000000000039b       0x33 Middlewares/ST/STM32_USB_Device_Library/Core/Src/usbd_ioreq.o
 .ARM.attributes
                0x00000000000003ce       0x33 USB_DEVICE/App/usb_device.o
 .ARM.attributes
                0x0000000000000401       0x33 USB_DEVICE/App/usbd_cdc_if.o
 .ARM.attributes
                0x0000000000000434       0x33 USB_DEVICE/App/usbd_desc.o
 .ARM.attributes
                0x0000000000000467       0x33 USB_DEVICE/Target/usbd_conf.o
 .ARM.attributes
                0x000000000000049a       0x2d d:/program files/stm32cubeide_1.5.0/stm32cubeide/plugins/com.st.stm32cube.ide.mcu.externaltools.gnu-tools-for-stm32.7-2018-q2-update.win32_1.5.0.202011040924/tools/bin/../lib/gcc/arm-none-eabi/7.3.1/../../../../arm-none-eabi/lib/thumb/v7-m\libc_nano.a(lib_a-init.o)
 .ARM.attributes
                0x00000000000004c7       0x2d d:/program files/stm32cubeide_1.5.0/stm32cubeide/plugins/com.st.stm32cube.ide.mcu.externaltools.gnu-tools-for-stm32.7-2018-q2-update.win32_1.5.0.202011040924/tools/bin/../lib/gcc/arm-none-eabi/7.3.1/../../../../arm-none-eabi/lib/thumb/v7-m\libc_nano.a(lib_a-memset.o)
 .ARM.attributes
                0x00000000000004f4       0x1d d:/program files/stm32cubeide_1.5.0/stm32cubeide/plugins/com.st.stm32cube.ide.mcu.externaltools.gnu-tools-for-stm32.7-2018-q2-update.win32_1.5.0.202011040924/tools/bin/../lib/gcc/arm-none-eabi/7.3.1/thumb/v7-m/crtn.o
OUTPUT(BluePill_CanBus.elf elf32-littlearm)

.debug_info     0x0000000000000000    0x1239d
 .debug_info    0x0000000000000000     0x1381 Core/Src/main.o
 .debug_info    0x0000000000001381      0x924 Core/Src/stm32f1xx_hal_msp.o
 .debug_info    0x0000000000001ca5      0xa32 Core/Src/stm32f1xx_it.o
 .debug_info    0x00000000000026d7      0x29a Core/Src/system_stm32f1xx.o
 .debug_info    0x0000000000002971       0x22 Core/Startup/startup_stm32f103c8tx.o
 .debug_info    0x0000000000002993      0x714 Drivers/STM32F1xx_HAL_Driver/Src/stm32f1xx_hal.o
 .debug_info    0x00000000000030a7      0xf9d Drivers/STM32F1xx_HAL_Driver/Src/stm32f1xx_hal_can.o
 .debug_info    0x0000000000004044      0xb51 Drivers/STM32F1xx_HAL_Driver/Src/stm32f1xx_hal_cortex.o
 .debug_info    0x0000000000004b95      0x69b Drivers/STM32F1xx_HAL_Driver/Src/stm32f1xx_hal_gpio.o
 .debug_info    0x0000000000005230     0x122f Drivers/STM32F1xx_HAL_Driver/Src/stm32f1xx_hal_pcd.o
 .debug_info    0x000000000000645f      0x785 Drivers/STM32F1xx_HAL_Driver/Src/stm32f1xx_hal_pcd_ex.o
 .debug_info    0x0000000000006be4      0x80f Drivers/STM32F1xx_HAL_Driver/Src/stm32f1xx_hal_rcc.o
 .debug_info    0x00000000000073f3      0x444 Drivers/STM32F1xx_HAL_Driver/Src/stm32f1xx_hal_rcc_ex.o
 .debug_info    0x0000000000007837     0x17e7 Drivers/STM32F1xx_HAL_Driver/Src/stm32f1xx_ll_usb.o
 .debug_info    0x000000000000901e     0x17b6 Middlewares/ST/STM32_USB_Device_Library/Class/CDC/Src/usbd_cdc.o
 .debug_info    0x000000000000a7d4     0x11d2 Middlewares/ST/STM32_USB_Device_Library/Core/Src/usbd_core.o
 .debug_info    0x000000000000b9a6     0x1142 Middlewares/ST/STM32_USB_Device_Library/Core/Src/usbd_ctlreq.o
 .debug_info    0x000000000000cae8      0xf33 Middlewares/ST/STM32_USB_Device_Library/Core/Src/usbd_ioreq.o
 .debug_info    0x000000000000da1b      0xe7b USB_DEVICE/App/usb_device.o
 .debug_info    0x000000000000e896     0x1036 USB_DEVICE/App/usbd_cdc_if.o
 .debug_info    0x000000000000f8cc      0xd17 USB_DEVICE/App/usbd_desc.o
 .debug_info    0x00000000000105e3     0x1dba USB_DEVICE/Target/usbd_conf.o

.debug_abbrev   0x0000000000000000     0x2c96
 .debug_abbrev  0x0000000000000000      0x2c4 Core/Src/main.o
 .debug_abbrev  0x00000000000002c4      0x1b8 Core/Src/stm32f1xx_hal_msp.o
 .debug_abbrev  0x000000000000047c      0x182 Core/Src/stm32f1xx_it.o
 .debug_abbrev  0x00000000000005fe      0x134 Core/Src/system_stm32f1xx.o
 .debug_abbrev  0x0000000000000732       0x12 Core/Startup/startup_stm32f103c8tx.o
 .debug_abbrev  0x0000000000000744      0x1c7 Drivers/STM32F1xx_HAL_Driver/Src/stm32f1xx_hal.o
 .debug_abbrev  0x000000000000090b      0x20e Drivers/STM32F1xx_HAL_Driver/Src/stm32f1xx_hal_can.o
 .debug_abbrev  0x0000000000000b19      0x2d5 Drivers/STM32F1xx_HAL_Driver/Src/stm32f1xx_hal_cortex.o
 .debug_abbrev  0x0000000000000dee      0x1c0 Drivers/STM32F1xx_HAL_Driver/Src/stm32f1xx_hal_gpio.o
 .debug_abbrev  0x0000000000000fae      0x268 Drivers/STM32F1xx_HAL_Driver/Src/stm32f1xx_hal_pcd.o
 .debug_abbrev  0x0000000000001216      0x188 Drivers/STM32F1xx_HAL_Driver/Src/stm32f1xx_hal_pcd_ex.o
 .debug_abbrev  0x000000000000139e      0x243 Drivers/STM32F1xx_HAL_Driver/Src/stm32f1xx_hal_rcc.o
 .debug_abbrev  0x00000000000015e1      0x175 Drivers/STM32F1xx_HAL_Driver/Src/stm32f1xx_hal_rcc_ex.o
 .debug_abbrev  0x0000000000001756      0x1d2 Drivers/STM32F1xx_HAL_Driver/Src/stm32f1xx_ll_usb.o
 .debug_abbrev  0x0000000000001928      0x2b6 Middlewares/ST/STM32_USB_Device_Library/Class/CDC/Src/usbd_cdc.o
 .debug_abbrev  0x0000000000001bde      0x270 Middlewares/ST/STM32_USB_Device_Library/Core/Src/usbd_core.o
 .debug_abbrev  0x0000000000001e4e      0x2a0 Middlewares/ST/STM32_USB_Device_Library/Core/Src/usbd_ctlreq.o
 .debug_abbrev  0x00000000000020ee      0x1e0 Middlewares/ST/STM32_USB_Device_Library/Core/Src/usbd_ioreq.o
 .debug_abbrev  0x00000000000022ce      0x1be USB_DEVICE/App/usb_device.o
 .debug_abbrev  0x000000000000248c      0x285 USB_DEVICE/App/usbd_cdc_if.o
 .debug_abbrev  0x0000000000002711      0x290 USB_DEVICE/App/usbd_desc.o
 .debug_abbrev  0x00000000000029a1      0x2f5 USB_DEVICE/Target/usbd_conf.o

.debug_aranges  0x0000000000000000      0xbc8
 .debug_aranges
                0x0000000000000000       0x58 Core/Src/main.o
 .debug_aranges
                0x0000000000000058       0x30 Core/Src/stm32f1xx_hal_msp.o
 .debug_aranges
                0x0000000000000088       0x68 Core/Src/stm32f1xx_it.o
 .debug_aranges
                0x00000000000000f0       0x28 Core/Src/system_stm32f1xx.o
 .debug_aranges
                0x0000000000000118       0x28 Core/Startup/startup_stm32f103c8tx.o
 .debug_aranges
                0x0000000000000140       0xe0 Drivers/STM32F1xx_HAL_Driver/Src/stm32f1xx_hal.o
 .debug_aranges
                0x0000000000000220      0x138 Drivers/STM32F1xx_HAL_Driver/Src/stm32f1xx_hal_can.o
 .debug_aranges
                0x0000000000000358      0x100 Drivers/STM32F1xx_HAL_Driver/Src/stm32f1xx_hal_cortex.o
 .debug_aranges
                0x0000000000000458       0x58 Drivers/STM32F1xx_HAL_Driver/Src/stm32f1xx_hal_gpio.o
 .debug_aranges
                0x00000000000004b0      0x138 Drivers/STM32F1xx_HAL_Driver/Src/stm32f1xx_hal_pcd.o
 .debug_aranges
                0x00000000000005e8       0x38 Drivers/STM32F1xx_HAL_Driver/Src/stm32f1xx_hal_pcd_ex.o
 .debug_aranges
                0x0000000000000620       0x90 Drivers/STM32F1xx_HAL_Driver/Src/stm32f1xx_hal_rcc.o
 .debug_aranges
                0x00000000000006b0       0x30 Drivers/STM32F1xx_HAL_Driver/Src/stm32f1xx_hal_rcc_ex.o
 .debug_aranges
                0x00000000000006e0       0xf0 Drivers/STM32F1xx_HAL_Driver/Src/stm32f1xx_ll_usb.o
 .debug_aranges
                0x00000000000007d0       0x90 Middlewares/ST/STM32_USB_Device_Library/Class/CDC/Src/usbd_cdc.o
 .debug_aranges
                0x0000000000000860       0xb8 Middlewares/ST/STM32_USB_Device_Library/Core/Src/usbd_core.o
 .debug_aranges
                0x0000000000000918       0x88 Middlewares/ST/STM32_USB_Device_Library/Core/Src/usbd_ctlreq.o
 .debug_aranges
                0x00000000000009a0       0x50 Middlewares/ST/STM32_USB_Device_Library/Core/Src/usbd_ioreq.o
 .debug_aranges
                0x00000000000009f0       0x20 USB_DEVICE/App/usb_device.o
 .debug_aranges
                0x0000000000000a10       0x40 USB_DEVICE/App/usbd_cdc_if.o
 .debug_aranges
                0x0000000000000a50       0x60 USB_DEVICE/App/usbd_desc.o
 .debug_aranges
                0x0000000000000ab0      0x118 USB_DEVICE/Target/usbd_conf.o

.debug_ranges   0x0000000000000000      0xa70
 .debug_ranges  0x0000000000000000       0x48 Core/Src/main.o
 .debug_ranges  0x0000000000000048       0x20 Core/Src/stm32f1xx_hal_msp.o
 .debug_ranges  0x0000000000000068       0x58 Core/Src/stm32f1xx_it.o
 .debug_ranges  0x00000000000000c0       0x18 Core/Src/system_stm32f1xx.o
 .debug_ranges  0x00000000000000d8       0x20 Core/Startup/startup_stm32f103c8tx.o
 .debug_ranges  0x00000000000000f8       0xd0 Drivers/STM32F1xx_HAL_Driver/Src/stm32f1xx_hal.o
 .debug_ranges  0x00000000000001c8      0x128 Drivers/STM32F1xx_HAL_Driver/Src/stm32f1xx_hal_can.o
 .debug_ranges  0x00000000000002f0       0xf0 Drivers/STM32F1xx_HAL_Driver/Src/stm32f1xx_hal_cortex.o
 .debug_ranges  0x00000000000003e0       0x48 Drivers/STM32F1xx_HAL_Driver/Src/stm32f1xx_hal_gpio.o
 .debug_ranges  0x0000000000000428      0x128 Drivers/STM32F1xx_HAL_Driver/Src/stm32f1xx_hal_pcd.o
 .debug_ranges  0x0000000000000550       0x28 Drivers/STM32F1xx_HAL_Driver/Src/stm32f1xx_hal_pcd_ex.o
 .debug_ranges  0x0000000000000578       0x80 Drivers/STM32F1xx_HAL_Driver/Src/stm32f1xx_hal_rcc.o
 .debug_ranges  0x00000000000005f8       0x20 Drivers/STM32F1xx_HAL_Driver/Src/stm32f1xx_hal_rcc_ex.o
 .debug_ranges  0x0000000000000618       0xe0 Drivers/STM32F1xx_HAL_Driver/Src/stm32f1xx_ll_usb.o
 .debug_ranges  0x00000000000006f8       0x80 Middlewares/ST/STM32_USB_Device_Library/Class/CDC/Src/usbd_cdc.o
 .debug_ranges  0x0000000000000778       0xa8 Middlewares/ST/STM32_USB_Device_Library/Core/Src/usbd_core.o
 .debug_ranges  0x0000000000000820       0x78 Middlewares/ST/STM32_USB_Device_Library/Core/Src/usbd_ctlreq.o
 .debug_ranges  0x0000000000000898       0x40 Middlewares/ST/STM32_USB_Device_Library/Core/Src/usbd_ioreq.o
 .debug_ranges  0x00000000000008d8       0x10 USB_DEVICE/App/usb_device.o
 .debug_ranges  0x00000000000008e8       0x30 USB_DEVICE/App/usbd_cdc_if.o
 .debug_ranges  0x0000000000000918       0x50 USB_DEVICE/App/usbd_desc.o
 .debug_ranges  0x0000000000000968      0x108 USB_DEVICE/Target/usbd_conf.o

.debug_macro    0x0000000000000000    0x19c33
 .debug_macro   0x0000000000000000      0x3a3 Core/Src/main.o
 .debug_macro   0x00000000000003a3      0xa5a Core/Src/main.o
 .debug_macro   0x0000000000000dfd      0x21b Core/Src/main.o
 .debug_macro   0x0000000000001018       0x2e Core/Src/main.o
 .debug_macro   0x0000000000001046       0x22 Core/Src/main.o
 .debug_macro   0x0000000000001068       0x22 Core/Src/main.o
 .debug_macro   0x000000000000108a       0x8e Core/Src/main.o
 .debug_macro   0x0000000000001118       0x51 Core/Src/main.o
 .debug_macro   0x0000000000001169       0xef Core/Src/main.o
 .debug_macro   0x0000000000001258       0x6a Core/Src/main.o
 .debug_macro   0x00000000000012c2      0x1df Core/Src/main.o
 .debug_macro   0x00000000000014a1       0x1c Core/Src/main.o
 .debug_macro   0x00000000000014bd       0x22 Core/Src/main.o
 .debug_macro   0x00000000000014df       0xc3 Core/Src/main.o
 .debug_macro   0x00000000000015a2      0xd23 Core/Src/main.o
 .debug_macro   0x00000000000022c5     0xe097 Core/Src/main.o
 .debug_macro   0x000000000001035c       0x43 Core/Src/main.o
 .debug_macro   0x000000000001039f     0x3468 Core/Src/main.o
 .debug_macro   0x0000000000013807      0x174 Core/Src/main.o
 .debug_macro   0x000000000001397b       0x5c Core/Src/main.o
 .debug_macro   0x00000000000139d7      0x5be Core/Src/main.o
 .debug_macro   0x0000000000013f95      0x289 Core/Src/main.o
 .debug_macro   0x000000000001421e      0x1cb Core/Src/main.o
 .debug_macro   0x00000000000143e9      0x114 Core/Src/main.o
 .debug_macro   0x00000000000144fd      0x1b2 Core/Src/main.o
 .debug_macro   0x00000000000146af       0x27 Core/Src/main.o
 .debug_macro   0x00000000000146d6      0x136 Core/Src/main.o
 .debug_macro   0x000000000001480c      0x1bc Core/Src/main.o
 .debug_macro   0x00000000000149c8       0x34 Core/Src/main.o
 .debug_macro   0x00000000000149fc       0x3c Core/Src/main.o
 .debug_macro   0x0000000000014a38      0x408 Core/Src/main.o
 .debug_macro   0x0000000000014e40       0x57 Core/Src/main.o
 .debug_macro   0x0000000000014e97       0x88 Core/Src/main.o
 .debug_macro   0x0000000000014f1f      0x241 Core/Src/main.o
 .debug_macro   0x0000000000015160      0x141 Core/Src/main.o
 .debug_macro   0x00000000000152a1       0x65 Core/Src/main.o
 .debug_macro   0x0000000000015306      0x249 Core/Src/main.o
 .debug_macro   0x000000000001554f       0x83 Core/Src/main.o
 .debug_macro   0x00000000000155d2       0x10 Core/Src/main.o
 .debug_macro   0x00000000000155e2       0x46 Core/Src/main.o
 .debug_macro   0x0000000000015628       0x18 Core/Src/main.o
 .debug_macro   0x0000000000015640       0x3c Core/Src/main.o
 .debug_macro   0x000000000001567c       0x34 Core/Src/main.o
 .debug_macro   0x00000000000156b0       0x16 Core/Src/main.o
 .debug_macro   0x00000000000156c6       0x35 Core/Src/main.o
 .debug_macro   0x00000000000156fb      0x32a Core/Src/main.o
 .debug_macro   0x0000000000015a25       0x10 Core/Src/main.o
 .debug_macro   0x0000000000015a35       0x52 Core/Src/main.o
 .debug_macro   0x0000000000015a87       0x1f Core/Src/main.o
 .debug_macro   0x0000000000015aa6       0x43 Core/Src/main.o
 .debug_macro   0x0000000000015ae9       0x20 Core/Src/main.o
 .debug_macro   0x0000000000015b09      0x1a3 Core/Src/main.o
 .debug_macro   0x0000000000015cac       0x10 Core/Src/main.o
 .debug_macro   0x0000000000015cbc       0x1c Core/Src/main.o
 .debug_macro   0x0000000000015cd8       0x52 Core/Src/main.o
 .debug_macro   0x0000000000015d2a       0x40 Core/Src/main.o
 .debug_macro   0x0000000000015d6a       0x10 Core/Src/main.o
 .debug_macro   0x0000000000015d7a       0x40 Core/Src/main.o
 .debug_macro   0x0000000000015dba       0xd7 Core/Src/main.o
 .debug_macro   0x0000000000015e91       0x1c Core/Src/main.o
 .debug_macro   0x0000000000015ead       0x3d Core/Src/main.o
 .debug_macro   0x0000000000015eea       0x16 Core/Src/main.o
 .debug_macro   0x0000000000015f00      0x145 Core/Src/main.o
 .debug_macro   0x0000000000016045       0x16 Core/Src/main.o
 .debug_macro   0x000000000001605b       0x16 Core/Src/main.o
 .debug_macro   0x0000000000016071       0x29 Core/Src/main.o
 .debug_macro   0x000000000001609a       0x16 Core/Src/main.o
 .debug_macro   0x00000000000160b0       0x20 Core/Src/main.o
 .debug_macro   0x00000000000160d0       0x60 Core/Src/main.o
 .debug_macro   0x0000000000016130      0x1c8 Core/Src/main.o
 .debug_macro   0x00000000000162f8      0x1c1 Core/Src/stm32f1xx_hal_msp.o
 .debug_macro   0x00000000000164b9      0x1cb Core/Src/stm32f1xx_it.o
 .debug_macro   0x0000000000016684      0x1b2 Core/Src/system_stm32f1xx.o
 .debug_macro   0x0000000000016836      0x1d6 Drivers/STM32F1xx_HAL_Driver/Src/stm32f1xx_hal.o
 .debug_macro   0x0000000000016a0c      0x1ba Drivers/STM32F1xx_HAL_Driver/Src/stm32f1xx_hal_can.o
 .debug_macro   0x0000000000016bc6      0x1b2 Drivers/STM32F1xx_HAL_Driver/Src/stm32f1xx_hal_cortex.o
 .debug_macro   0x0000000000016d78      0x21d Drivers/STM32F1xx_HAL_Driver/Src/stm32f1xx_hal_gpio.o
 .debug_macro   0x0000000000016f95      0x1be Drivers/STM32F1xx_HAL_Driver/Src/stm32f1xx_hal_pcd.o
 .debug_macro   0x0000000000017153      0x1b2 Drivers/STM32F1xx_HAL_Driver/Src/stm32f1xx_hal_pcd_ex.o
 .debug_macro   0x0000000000017305      0x1c4 Drivers/STM32F1xx_HAL_Driver/Src/stm32f1xx_hal_rcc.o
 .debug_macro   0x00000000000174c9      0x1b2 Drivers/STM32F1xx_HAL_Driver/Src/stm32f1xx_hal_rcc_ex.o
 .debug_macro   0x000000000001767b      0x1b2 Drivers/STM32F1xx_HAL_Driver/Src/stm32f1xx_ll_usb.o
 .debug_macro   0x000000000001782d      0x3ce Middlewares/ST/STM32_USB_Device_Library/Class/CDC/Src/usbd_cdc.o
 .debug_macro   0x0000000000017bfb       0x97 Middlewares/ST/STM32_USB_Device_Library/Class/CDC/Src/usbd_cdc.o
 .debug_macro   0x0000000000017c92       0xfd Middlewares/ST/STM32_USB_Device_Library/Class/CDC/Src/usbd_cdc.o
 .debug_macro   0x0000000000017d8f       0xbd Middlewares/ST/STM32_USB_Device_Library/Class/CDC/Src/usbd_cdc.o
 .debug_macro   0x0000000000017e4c       0x56 Middlewares/ST/STM32_USB_Device_Library/Class/CDC/Src/usbd_cdc.o
 .debug_macro   0x0000000000017ea2       0x8f Middlewares/ST/STM32_USB_Device_Library/Class/CDC/Src/usbd_cdc.o
 .debug_macro   0x0000000000017f31      0x3b5 Middlewares/ST/STM32_USB_Device_Library/Core/Src/usbd_core.o
 .debug_macro   0x00000000000182e6      0x1ce Middlewares/ST/STM32_USB_Device_Library/Core/Src/usbd_core.o
 .debug_macro   0x00000000000184b4      0x3bf Middlewares/ST/STM32_USB_Device_Library/Core/Src/usbd_ctlreq.o
 .debug_macro   0x0000000000018873      0x3bb Middlewares/ST/STM32_USB_Device_Library/Core/Src/usbd_ioreq.o
 .debug_macro   0x0000000000018c2e      0x3ee USB_DEVICE/App/usb_device.o
 .debug_macro   0x000000000001901c       0x16 USB_DEVICE/App/usb_device.o
 .debug_macro   0x0000000000019032       0x22 USB_DEVICE/App/usb_device.o
 .debug_macro   0x0000000000019054       0x16 USB_DEVICE/App/usb_device.o
 .debug_macro   0x000000000001906a      0x3d9 USB_DEVICE/App/usbd_cdc_if.o
 .debug_macro   0x0000000000019443       0x10 USB_DEVICE/App/usbd_cdc_if.o
 .debug_macro   0x0000000000019453      0x3f2 USB_DEVICE/App/usbd_desc.o
 .debug_macro   0x0000000000019845       0x1c USB_DEVICE/App/usbd_desc.o
 .debug_macro   0x0000000000019861      0x3d2 USB_DEVICE/Target/usbd_conf.o

.debug_line     0x0000000000000000     0xd077
 .debug_line    0x0000000000000000      0xa8b Core/Src/main.o
 .debug_line    0x0000000000000a8b      0x6f0 Core/Src/stm32f1xx_hal_msp.o
 .debug_line    0x000000000000117b      0x773 Core/Src/stm32f1xx_it.o
 .debug_line    0x00000000000018ee      0x6e0 Core/Src/system_stm32f1xx.o
 .debug_line    0x0000000000001fce       0x84 Core/Startup/startup_stm32f103c8tx.o
 .debug_line    0x0000000000002052      0x893 Drivers/STM32F1xx_HAL_Driver/Src/stm32f1xx_hal.o
 .debug_line    0x00000000000028e5      0xb61 Drivers/STM32F1xx_HAL_Driver/Src/stm32f1xx_hal_can.o
 .debug_line    0x0000000000003446      0x96a Drivers/STM32F1xx_HAL_Driver/Src/stm32f1xx_hal_cortex.o
 .debug_line    0x0000000000003db0      0x88f Drivers/STM32F1xx_HAL_Driver/Src/stm32f1xx_hal_gpio.o
 .debug_line    0x000000000000463f      0xcf7 Drivers/STM32F1xx_HAL_Driver/Src/stm32f1xx_hal_pcd.o
 .debug_line    0x0000000000005336      0x704 Drivers/STM32F1xx_HAL_Driver/Src/stm32f1xx_hal_pcd_ex.o
 .debug_line    0x0000000000005a3a      0x953 Drivers/STM32F1xx_HAL_Driver/Src/stm32f1xx_hal_rcc.o
 .debug_line    0x000000000000638d      0x771 Drivers/STM32F1xx_HAL_Driver/Src/stm32f1xx_hal_rcc_ex.o
 .debug_line    0x0000000000006afe      0xd2c Drivers/STM32F1xx_HAL_Driver/Src/stm32f1xx_ll_usb.o
 .debug_line    0x000000000000782a      0xb7a Middlewares/ST/STM32_USB_Device_Library/Class/CDC/Src/usbd_cdc.o
 .debug_line    0x00000000000083a4      0xbb5 Middlewares/ST/STM32_USB_Device_Library/Core/Src/usbd_core.o
 .debug_line    0x0000000000008f59      0xc3e Middlewares/ST/STM32_USB_Device_Library/Core/Src/usbd_ctlreq.o
 .debug_line    0x0000000000009b97      0xa1e Middlewares/ST/STM32_USB_Device_Library/Core/Src/usbd_ioreq.o
 .debug_line    0x000000000000a5b5      0xa00 USB_DEVICE/App/usb_device.o
 .debug_line    0x000000000000afb5      0xa33 USB_DEVICE/App/usbd_cdc_if.o
 .debug_line    0x000000000000b9e8      0xa52 USB_DEVICE/App/usbd_desc.o
 .debug_line    0x000000000000c43a      0xc3d USB_DEVICE/Target/usbd_conf.o

.debug_str      0x0000000000000000    0x8712f
 .debug_str     0x0000000000000000    0x83fc3 Core/Src/main.o
                                      0x8440e (size before relaxing)
 .debug_str     0x0000000000083fc3      0x2d6 Core/Src/stm32f1xx_hal_msp.o
                                      0x7f7d1 (size before relaxing)
 .debug_str     0x0000000000084299      0x3a4 Core/Src/stm32f1xx_it.o
                                      0x7f7d6 (size before relaxing)
 .debug_str     0x000000000008463d       0x52 Core/Src/system_stm32f1xx.o
                                      0x7f1af (size before relaxing)
 .debug_str     0x000000000008468f       0x36 Core/Startup/startup_stm32f103c8tx.o
                                         0x78 (size before relaxing)
 .debug_str     0x00000000000846c5      0x2fa Drivers/STM32F1xx_HAL_Driver/Src/stm32f1xx_hal.o
                                      0x7f840 (size before relaxing)
 .debug_str     0x00000000000849bf      0x478 Drivers/STM32F1xx_HAL_Driver/Src/stm32f1xx_hal_can.o
                                      0x7f9cf (size before relaxing)
 .debug_str     0x0000000000084e37      0x2d8 Drivers/STM32F1xx_HAL_Driver/Src/stm32f1xx_hal_cortex.o
                                      0x7f848 (size before relaxing)
 .debug_str     0x000000000008510f      0x324 Drivers/STM32F1xx_HAL_Driver/Src/stm32f1xx_hal_gpio.o
                                      0x7f573 (size before relaxing)
 .debug_str     0x0000000000085433      0x3e5 Drivers/STM32F1xx_HAL_Driver/Src/stm32f1xx_hal_pcd.o
                                      0x7f902 (size before relaxing)
 .debug_str     0x0000000000085818      0x18d Drivers/STM32F1xx_HAL_Driver/Src/stm32f1xx_hal_pcd_ex.o
                                      0x7f64f (size before relaxing)
 .debug_str     0x00000000000859a5      0x24f Drivers/STM32F1xx_HAL_Driver/Src/stm32f1xx_hal_rcc.o
                                      0x7f5ac (size before relaxing)
 .debug_str     0x0000000000085bf4       0xb9 Drivers/STM32F1xx_HAL_Driver/Src/stm32f1xx_hal_rcc_ex.o
                                      0x7f339 (size before relaxing)
 .debug_str     0x0000000000085cad      0x2ad Drivers/STM32F1xx_HAL_Driver/Src/stm32f1xx_ll_usb.o
                                      0x7f682 (size before relaxing)
 .debug_str     0x0000000000085f5a      0x8d9 Middlewares/ST/STM32_USB_Device_Library/Class/CDC/Src/usbd_cdc.o
                                      0x849e7 (size before relaxing)
 .debug_str     0x0000000000086833      0x1b5 Middlewares/ST/STM32_USB_Device_Library/Core/Src/usbd_core.o
                                      0x842e2 (size before relaxing)
 .debug_str     0x00000000000869e8      0x134 Middlewares/ST/STM32_USB_Device_Library/Core/Src/usbd_ctlreq.o
                                      0x84268 (size before relaxing)
 .debug_str     0x0000000000086b1c       0xc9 Middlewares/ST/STM32_USB_Device_Library/Core/Src/usbd_ioreq.o
                                      0x841f0 (size before relaxing)
 .debug_str     0x0000000000086be5      0x118 USB_DEVICE/App/usb_device.o
                                      0x84557 (size before relaxing)
 .debug_str     0x0000000000086cfd       0x86 USB_DEVICE/App/usbd_cdc_if.o
                                      0x8458f (size before relaxing)
 .debug_str     0x0000000000086d83      0x258 USB_DEVICE/App/usbd_desc.o
                                      0x8415b (size before relaxing)
 .debug_str     0x0000000000086fdb      0x154 USB_DEVICE/Target/usbd_conf.o
                                      0x84e0d (size before relaxing)

.comment        0x0000000000000000       0x7b
 .comment       0x0000000000000000       0x7b Core/Src/main.o
                                         0x7c (size before relaxing)
 .comment       0x000000000000007b       0x7c Core/Src/stm32f1xx_hal_msp.o
 .comment       0x000000000000007b       0x7c Core/Src/stm32f1xx_it.o
 .comment       0x000000000000007b       0x7c Core/Src/system_stm32f1xx.o
 .comment       0x000000000000007b       0x7c Drivers/STM32F1xx_HAL_Driver/Src/stm32f1xx_hal.o
 .comment       0x000000000000007b       0x7c Drivers/STM32F1xx_HAL_Driver/Src/stm32f1xx_hal_can.o
 .comment       0x000000000000007b       0x7c Drivers/STM32F1xx_HAL_Driver/Src/stm32f1xx_hal_cortex.o
 .comment       0x000000000000007b       0x7c Drivers/STM32F1xx_HAL_Driver/Src/stm32f1xx_hal_gpio.o
 .comment       0x000000000000007b       0x7c Drivers/STM32F1xx_HAL_Driver/Src/stm32f1xx_hal_pcd.o
 .comment       0x000000000000007b       0x7c Drivers/STM32F1xx_HAL_Driver/Src/stm32f1xx_hal_pcd_ex.o
 .comment       0x000000000000007b       0x7c Drivers/STM32F1xx_HAL_Driver/Src/stm32f1xx_hal_rcc.o
 .comment       0x000000000000007b       0x7c Drivers/STM32F1xx_HAL_Driver/Src/stm32f1xx_hal_rcc_ex.o
 .comment       0x000000000000007b       0x7c Drivers/STM32F1xx_HAL_Driver/Src/stm32f1xx_ll_usb.o
 .comment       0x000000000000007b       0x7c Middlewares/ST/STM32_USB_Device_Library/Class/CDC/Src/usbd_cdc.o
 .comment       0x000000000000007b       0x7c Middlewares/ST/STM32_USB_Device_Library/Core/Src/usbd_core.o
 .comment       0x000000000000007b       0x7c Middlewares/ST/STM32_USB_Device_Library/Core/Src/usbd_ctlreq.o
 .comment       0x000000000000007b       0x7c Middlewares/ST/STM32_USB_Device_Library/Core/Src/usbd_ioreq.o
 .comment       0x000000000000007b       0x7c USB_DEVICE/App/usb_device.o
 .comment       0x000000000000007b       0x7c USB_DEVICE/App/usbd_cdc_if.o
 .comment       0x000000000000007b       0x7c USB_DEVICE/App/usbd_desc.o
 .comment       0x000000000000007b       0x7c USB_DEVICE/Target/usbd_conf.o

.debug_frame    0x0000000000000000     0x2e04
 .debug_frame   0x0000000000000000      0x104 Core/Src/main.o
 .debug_frame   0x0000000000000104       0x80 Core/Src/stm32f1xx_hal_msp.o
 .debug_frame   0x0000000000000184      0x120 Core/Src/stm32f1xx_it.o
 .debug_frame   0x00000000000002a4       0x58 Core/Src/system_stm32f1xx.o
 .debug_frame   0x00000000000002fc      0x334 Drivers/STM32F1xx_HAL_Driver/Src/stm32f1xx_hal.o
 .debug_frame   0x0000000000000630      0x5a0 Drivers/STM32F1xx_HAL_Driver/Src/stm32f1xx_hal_can.o
 .debug_frame   0x0000000000000bd0      0x428 Drivers/STM32F1xx_HAL_Driver/Src/stm32f1xx_hal_cortex.o
 .debug_frame   0x0000000000000ff8      0x14c Drivers/STM32F1xx_HAL_Driver/Src/stm32f1xx_hal_gpio.o
 .debug_frame   0x0000000000001144      0x578 Drivers/STM32F1xx_HAL_Driver/Src/stm32f1xx_hal_pcd.o
 .debug_frame   0x00000000000016bc       0xb0 Drivers/STM32F1xx_HAL_Driver/Src/stm32f1xx_hal_pcd_ex.o
 .debug_frame   0x000000000000176c      0x21c Drivers/STM32F1xx_HAL_Driver/Src/stm32f1xx_hal_rcc.o
 .debug_frame   0x0000000000001988       0x84 Drivers/STM32F1xx_HAL_Driver/Src/stm32f1xx_hal_rcc_ex.o
 .debug_frame   0x0000000000001a0c      0x450 Drivers/STM32F1xx_HAL_Driver/Src/stm32f1xx_ll_usb.o
 .debug_frame   0x0000000000001e5c      0x248 Middlewares/ST/STM32_USB_Device_Library/Class/CDC/Src/usbd_cdc.o
 .debug_frame   0x00000000000020a4      0x300 Middlewares/ST/STM32_USB_Device_Library/Core/Src/usbd_core.o
 .debug_frame   0x00000000000023a4      0x218 Middlewares/ST/STM32_USB_Device_Library/Core/Src/usbd_ctlreq.o
 .debug_frame   0x00000000000025bc      0x10c Middlewares/ST/STM32_USB_Device_Library/Core/Src/usbd_ioreq.o
 .debug_frame   0x00000000000026c8       0x2c USB_DEVICE/App/usb_device.o
 .debug_frame   0x00000000000026f4       0xbc USB_DEVICE/App/usbd_cdc_if.o
 .debug_frame   0x00000000000027b0      0x160 USB_DEVICE/App/usbd_desc.o
 .debug_frame   0x0000000000002910      0x4a8 USB_DEVICE/Target/usbd_conf.o
 .debug_frame   0x0000000000002db8       0x2c d:/program files/stm32cubeide_1.5.0/stm32cubeide/plugins/com.st.stm32cube.ide.mcu.externaltools.gnu-tools-for-stm32.7-2018-q2-update.win32_1.5.0.202011040924/tools/bin/../lib/gcc/arm-none-eabi/7.3.1/../../../../arm-none-eabi/lib/thumb/v7-m\libc_nano.a(lib_a-init.o)
 .debug_frame   0x0000000000002de4       0x20 d:/program files/stm32cubeide_1.5.0/stm32cubeide/plugins/com.st.stm32cube.ide.mcu.externaltools.gnu-tools-for-stm32.7-2018-q2-update.win32_1.5.0.202011040924/tools/bin/../lib/gcc/arm-none-eabi/7.3.1/../../../../arm-none-eabi/lib/thumb/v7-m\libc_nano.a(lib_a-memset.o)
